 ---------------------------------------------------------------------------------------------------------------------- 
| Snapshot           | WNS                  | TNS                  | Density (%) | Resource               | DRVs       |
|                    | HEPG (ns) | ALL (ns) | HEPG (ns) | ALL (ns) |             | Real (s) | Memory (MB) | Tran | Cap |
|--------------------+-----------+----------+-----------+----------+-------------+----------+-------------+------+-----|
| initial_summary    |     0.185 |    0.185 |           |        0 |       62.09 | 0:00:00  |        3830 |    0 |   0 |
| ccopt_pro          |           |          |           |          |             | 0:00:02  |        3868 |      |     |
| drv_eco_fixing     |     0.184 |    0.184 |         0 |        0 |       62.09 | 0:00:01  |        3868 |    0 |   0 |
| initial_summary_2  |     0.185 |    0.185 |           |        0 |       62.09 | 0:00:07  |        3913 |    0 |   0 |
| hold_fixing        |           |          |           |          |             | 0:00:01  |        3913 |      |     |
| harden_opt_fixing  |           |          |           |          |             | 0:00:01  |        3913 |      |     |
| route_type_fixing  |           |          |           |          |             | 0:00:00  |        3897 |      |     |
| pre_route_summary  |     0.185 |    0.185 |           |        0 |       62.09 | 0:00:00  |        3913 |    0 |   0 |
| eco_route          |           |          |           |          |             | 0:00:03  |        3994 |      |     |
| post_route_summary |     0.185 |    0.185 |           |        0 |       62.09 | 0:00:06  |        3949 |    0 |   0 |
| final_summary      |     0.185 |    0.185 |           |        0 |       62.09 | 0:00:08  |        3994 |    0 |   0 |
 ---------------------------------------------------------------------------------------------------------------------- 
