============================================================
  Generated by:           Genus(TM) Synthesis Solution 23.16-s067_1
  Generated on:           Jun 29 2026  04:58:54 pm
  Module:                 des
  Operating conditions:   PVT_0P7V_25C (balanced_tree)
  Wireload mode:          enclosed
  Area mode:              timing library
============================================================


Path 1: MET (0 ps) Setup Check with Pin R7_reg[14]/CLK->D
          Group: clk
     Startpoint: (R) decrypt
       Endpoint: (R) R7_reg[14]/D
          Clock: (R) clk

                        Capture       Launch  
           Path Delay:+     200            -  
           Drv Adjust:+       0            0  
          Src Latency:+       0               
          Net Latency:+       0 (I)           
        Capture Clock:+       0               
              Arrival:=     200               
                                              
                Setup:-      26               
        Required Time:=     174               
            Data Path:-     174               
                Slack:=       0               

Exceptions/Constraints:
  max_delay             200             des.sdc_line_2   

#-----------------------------------------------------------------------------------------------------
# Timing Point   Flags   Arc   Edge          Cell           Fanout  Load Trans Delay Arrival Instance 
#                                                                   (fF)  (ps)  (ps)   (ps)  Location 
#-----------------------------------------------------------------------------------------------------
  decrypt        -       -     R     (arrival)                 804 588.6     0     0       0    (-,-) 
  g68313/Y       -       A->Y  F     CKINVDCx16_ASAP7_75t_L      3   7.8     4     4       4    (-,-) 
  fopt55056/Y    -       A->Y  R     INVx3_ASAP7_75t_L          14   7.6    21    11      16    (-,-) 
  g36760/Y       -       A->Y  F     NAND2xp5_ASAP7_75t_L        1   0.6    13     8      24    (-,-) 
  g70369/Y       -       B->Y  R     OAI21xp5_ASAP7_75t_L        1   1.0    20    10      34    (-,-) 
  g70992/Y       -       A->Y  F     XNOR2x2_ASAP7_75t_L         6   3.9    18    35      69    (-,-) 
  u7_u4_g66926/Y -       A->Y  R     INVx1_ASAP7_75t_L           5   2.6    23    16      85    (-,-) 
  u7_u4_g66925/Y -       A2->Y F     AOI22xp5_ASAP7_75t_L        4   2.1    32    20     105    (-,-) 
  u7_u4_g56809/Y -       A->Y  R     INVx1_ASAP7_75t_L           3   1.6    20    15     120    (-,-) 
  u7_u4_g56810/Y -       B2->Y F     OAI22xp33_ASAP7_75t_L       1   0.5    22    11     132    (-,-) 
  u7_u4_g1756/Y  -       A3->Y R     AOI311xp33_ASAP7_75t_L      1   0.5    27    18     150    (-,-) 
  u7_u4_g1752/Y  -       C->Y  F     OAI211xp5_ASAP7_75t_L       1   0.6    23    13     162    (-,-) 
  fopt43045/Y    -       A->Y  R     INVx1_ASAP7_75t_L           2   1.1    15    11     174    (-,-) 
  R7_reg[14]/D   <<<     -     R     SDFHx2_ASAP7_75t_L          2     -     -     0     174    (-,-) 
#-----------------------------------------------------------------------------------------------------

