============================================================
  Generated by:           Genus(TM) Synthesis Solution 23.16-s067_1
  Generated on:           Jun 29 2026  04:58:55 pm
  Module:                 des
  Operating conditions:   PVT_0P7V_25C (balanced_tree)
  Wireload mode:          enclosed
  Area mode:              timing library
============================================================

Timing
--------

Clock Period 
-------------
clk    500.0 


  Cost    Critical         Violating 
 Group   Path Slack  TNS     Paths   
-------------------------------------
clk             0.0   0.0          0 
default       155.2   0.0          0 
-------------------------------------
Total                 0.0          0 

Instance Count
--------------
Leaf Instance Count             18135 
Physical Instance count             0 
Sequential Instance Count        1984 
Combinational Instance Count    16151 
Hierarchical Instance Count        50 

Area
----
Cell Area                          1799.464
Physical Cell Area                 0.000
Total Cell Area (Cell+Physical)    1799.464
Net Area                           0.000
Total Area (Cell+Physical+Net)     1799.464

Max Fanout                         1984 (clk)
Min Fanout                         1 (K2[33])
Average Fanout                     2.4
Terms to net ratio                 3.3857
Terms to instance ratio            3.4087
Runtime                            220.63256999999925 seconds
Elapsed Runtime                    280 seconds
Genus peak memory usage            3112.91 
Innovus peak memory usage          no_value 
Hostname                           vlsilab.iitbbs.ac.in
