###############################################################
#  Generated by:      Cadence Innovus 23.16-s070_1
#  OS:                Linux x86_64(Host ID vlsilab.iitbbs.ac.in)
#  Generated on:      Mon Jun 29 12:05:19 2026
#  Design:            des
#  Command:           summaryReport -outfile post_route_summary.rpt
###############################################################


==============================
General Design Information
==============================
Design Status: Routed  
Design Name: des  
# Instances: 17034  
# Hard Macros: 0  
# Std Cells: 17034  
    ------------------------------
    Standard Cells in Netlist
    ------------------------------
               Cell Type   Instance Count  Area (um^2)  
    A2O1A1Ixp33_ASAP7_75t_L              399          34.9045  
      AND2x2_ASAP7_75t_L              223          19.5080  
      AND3x1_ASAP7_75t_L               24           2.0995  
      AND4x1_ASAP7_75t_L                1           0.1021  
      AO21x1_ASAP7_75t_L              101           8.8355  
      AO22x1_ASAP7_75t_L                9           1.1810  
    AOI211xp5_ASAP7_75t_L              275          24.0570  
    AOI21xp33_ASAP7_75t_L              462          33.6798  
    AOI21xp5_ASAP7_75t_L              521          37.9809  
    AOI222xp33_ASAP7_75t_L                2           0.2916  
    AOI22xp33_ASAP7_75t_L              200          17.4960  
    AOI22xp5_ASAP7_75t_L              105           9.1854  
    AOI31xp33_ASAP7_75t_L              130          11.3724  
    AOI321xp33_ASAP7_75t_L                8           0.9331  
    AOI332xp33_ASAP7_75t_L                1           0.1458  
       BUFx2_ASAP7_75t_L               14           1.0206  
       BUFx3_ASAP7_75t_L                7           0.6124  
    CKINVDCx10_ASAP7_75t_L                2           0.6998  
    CKINVDCx12_ASAP7_75t_L                1           0.3791  
    CKINVDCx16_ASAP7_75t_L                1           0.4374  
    CKINVDCx5p33_ASAP7_75t_L                2           0.6415  
    CKINVDCx8_ASAP7_75t_L               16           5.1322  
    DFFHQNx1_ASAP7_75t_L             1984         578.5344  
       INVx1_ASAP7_75t_L              705          30.8367  
       INVx2_ASAP7_75t_L                7           0.4082  
       INVx3_ASAP7_75t_L                2           0.1458  
       INVx4_ASAP7_75t_L                3           0.2624  
       INVx6_ASAP7_75t_L                1           0.1166  
     INVxp33_ASAP7_75t_L             2591         113.3303  
     INVxp67_ASAP7_75t_L              554          24.2320  
    NAND2xp33_ASAP7_75t_L              892          52.0214  
    NAND2xp5_ASAP7_75t_L             1024          59.7197  
    NAND3xp33_ASAP7_75t_L              468          34.1172  
    NAND4xp25_ASAP7_75t_L               53           4.6364  
    NOR2xp33_ASAP7_75t_L             2032         118.5062  
    NOR3xp33_ASAP7_75t_L              144          10.4976  
    NOR4xp25_ASAP7_75t_L                6           0.5249  
    O2A1O1Ixp33_ASAP7_75t_L              321          28.0811  
    O2A1O1Ixp5_ASAP7_75t_L               15           1.7496  
     OA211x2_ASAP7_75t_L                1           0.1166  
      OA21x2_ASAP7_75t_L               58           5.9195  
      OA22x2_ASAP7_75t_L                2           0.2916  
    OAI211xp5_ASAP7_75t_L              261          22.8323  
    OAI21xp33_ASAP7_75t_L              619          45.1251  
    OAI21xp5_ASAP7_75t_L              335          24.4215  
    OAI222xp33_ASAP7_75t_L                1           0.1458  
    OAI22xp33_ASAP7_75t_L              116          10.1477  
    OAI22xp5_ASAP7_75t_L               58           5.0738  
    OAI31xp33_ASAP7_75t_L               75           6.5610  
    OAI321xp33_ASAP7_75t_L                8           0.9331  
       OR2x2_ASAP7_75t_L              166          14.5217  
       OR3x1_ASAP7_75t_L               11           0.9623  
     TAPCELL_ASAP7_75t_L              360          10.4976  
    XNOR2xp5_ASAP7_75t_L             1337         175.4411  
     XOR2xp5_ASAP7_75t_L              320          41.9904  
# Pads: 0  
# Net: 16798  
# Special Net: 2  
# IO Pins: 
    ------------------------------
    Issued IO Information
    ------------------------------
    # Unplaced IO Pin  0  
    # Floating IO  0  
    # IO Connected to Non-IO Inst  
        ------------------------------
        IO Connected to Non-IO Inst
        ------------------------------
                     IO Name      Non-IO Inst Name  
                         clk   CTS_ccl_a_inv_00021  
                     decrypt                U13128  
                      key_0_                U21474  
                      key_1_                U21475  
                      key_2_                U21485  
                      key_3_                U21488  
                      key_4_                U21489  
                      key_5_                U21491  
                      key_6_                U21492  
                      key_7_                U21493  
                      key_8_                U21465  
                      key_9_                U21495  
                     key_10_                U21496  
                     key_11_                U21498  
                     key_12_                U21500  
                     key_13_                U21504  
                     key_14_                U21442  
                     key_15_                U21508  
                     key_16_                U21503  
                     key_17_                U21501  
                     key_18_                U21487  
                     key_19_                U21486  
                     key_20_                U21479  
                     key_21_                U21478  
                     key_22_                U21477  
                     key_23_                U21476  
                     key_24_                U21473  
                     key_25_                U21467  
                     key_26_                U21466  
                     key_27_                U21455  
                     key_28_                U21460  
                     key_29_                U21452  
                     key_30_                U21444  
                     key_31_                U21441  
                     key_32_                U21463  
                     key_33_                U21494  
                     key_34_                U21499  
                     key_35_                U21507  
                     key_36_                U21509  
                     key_37_                U21490  
                     key_38_                U21484  
                     key_39_                U21483  
                     key_40_                U21480  
                     key_41_                U21468  
                     key_42_                U21447  
                     key_43_                U21454  
                     key_44_                U21457  
                     key_45_                U21482  
                     key_46_                U21506  
                     key_47_                U21505  
                     key_48_                U21497  
                     key_49_                U21470  
                     key_50_                U21459  
                     key_51_                U21440  
                     key_52_                U21461  
                     key_53_                U21502  
                     key_54_                U21456  
                     key_55_                U21481  
                    desIn_0_                U21510  
                    desIn_1_                U21511  
                    desIn_2_                U21512  
                    desIn_3_                U21513  
                    desIn_4_                U21514  
                    desIn_5_                U21515  
                    desIn_6_                U21516  
                    desIn_7_                U21517  
                    desIn_8_                U21518  
                    desIn_9_                U21519  
                   desIn_10_                U21520  
                   desIn_11_                U21521  
                   desIn_12_                U21522  
                   desIn_13_                U21523  
                   desIn_14_                U21524  
                   desIn_15_                U21525  
                   desIn_16_                U21526  
                   desIn_17_                U21527  
                   desIn_18_                U21528  
                   desIn_19_                U21529  
                   desIn_20_                U21530  
                   desIn_21_                U21531  
                   desIn_22_                U21532  
                   desIn_23_                U21533  
                   desIn_24_                U21534  
                   desIn_25_                U21535  
                   desIn_26_                U21536  
                   desIn_27_                U21537  
                   desIn_28_                U21538  
                   desIn_29_                U21539  
                   desIn_30_                U21540  
                   desIn_31_                U21541  
                   desIn_32_                U21542  
                   desIn_33_                U21543  
                   desIn_34_                U21544  
                   desIn_35_                U21545  
                   desIn_36_                U21546  
                   desIn_37_                U21547  
                   desIn_38_                U21548  
                   desIn_39_                U21549  
                   desIn_40_                U21552  
                   desIn_41_                U21554  
                   desIn_42_                U21556  
                   desIn_43_                U21555  
                   desIn_44_                U21557  
                   desIn_45_                U21559  
                   desIn_46_                U21550  
                   desIn_47_                U21558  
                   desIn_48_                U21553  
                   desIn_49_                U21453  
                   desIn_50_                U21445  
                   desIn_51_                U21464  
                   desIn_52_                U21451  
                   desIn_53_                U21443  
                   desIn_54_                U21551  
                   desIn_55_                U21458  
                   desIn_56_                U21462  
                   desIn_57_                U21449  
                   desIn_58_                U21448  
                   desIn_59_                U21446  
                   desIn_60_                U21450  
                   desIn_61_                U21469  
                   desIn_62_                U21471  
                   desIn_63_                U21472  
                   desOut_0_         desOut_reg_0_  
                   desOut_1_         desOut_reg_1_  
                   desOut_2_         desOut_reg_2_  
                   desOut_3_         desOut_reg_3_  
                   desOut_4_         desOut_reg_4_  
                   desOut_5_         desOut_reg_5_  
                   desOut_6_         desOut_reg_6_  
                   desOut_7_         desOut_reg_7_  
                   desOut_8_         desOut_reg_8_  
                   desOut_9_         desOut_reg_9_  
                  desOut_10_        desOut_reg_10_  
                  desOut_11_        desOut_reg_11_  
                  desOut_12_        desOut_reg_12_  
                  desOut_13_        desOut_reg_13_  
                  desOut_14_        desOut_reg_14_  
                  desOut_15_        desOut_reg_15_  
                  desOut_16_        desOut_reg_16_  
                  desOut_17_        desOut_reg_17_  
                  desOut_18_        desOut_reg_18_  
                  desOut_19_        desOut_reg_19_  
                  desOut_20_        desOut_reg_20_  
                  desOut_21_        desOut_reg_21_  
                  desOut_22_        desOut_reg_22_  
                  desOut_23_        desOut_reg_23_  
                  desOut_24_        desOut_reg_24_  
                  desOut_25_        desOut_reg_25_  
                  desOut_26_        desOut_reg_26_  
                  desOut_27_        desOut_reg_27_  
                  desOut_28_        desOut_reg_28_  
                  desOut_29_        desOut_reg_29_  
                  desOut_30_        desOut_reg_30_  
                  desOut_31_        desOut_reg_31_  
                  desOut_32_        desOut_reg_32_  
                  desOut_33_        desOut_reg_33_  
                  desOut_34_        desOut_reg_34_  
                  desOut_35_        desOut_reg_35_  
                  desOut_36_        desOut_reg_36_  
                  desOut_37_        desOut_reg_37_  
                  desOut_38_        desOut_reg_38_  
                  desOut_39_        desOut_reg_39_  
                  desOut_40_        desOut_reg_40_  
                  desOut_41_        desOut_reg_41_  
                  desOut_42_        desOut_reg_42_  
                  desOut_43_        desOut_reg_43_  
                  desOut_44_        desOut_reg_44_  
                  desOut_45_        desOut_reg_45_  
                  desOut_46_        desOut_reg_46_  
                  desOut_47_        desOut_reg_47_  
                  desOut_48_        desOut_reg_48_  
                  desOut_49_        desOut_reg_49_  
                  desOut_50_        desOut_reg_50_  
                  desOut_51_        desOut_reg_51_  
                  desOut_52_        desOut_reg_52_  
                  desOut_53_        desOut_reg_53_  
                  desOut_54_        desOut_reg_54_  
                  desOut_55_        desOut_reg_55_  
                  desOut_56_        desOut_reg_56_  
                  desOut_57_        desOut_reg_57_  
                  desOut_58_        desOut_reg_58_  
                  desOut_59_        desOut_reg_59_  
                  desOut_60_        desOut_reg_60_  
                  desOut_61_        desOut_reg_61_  
                  desOut_62_        desOut_reg_62_  
                  desOut_63_        desOut_reg_63_  186  186  
# Pins: 
    ------------------------------
    Correctness of Pin Connectivity for All Instances
    ------------------------------
    # Floating Terms  0  
    # Output Term Marked Tie Hi/Lo  0  
    # Output Term Shorted to PG Net  0  52995  
# PG Pins: 
    ------------------------------
    Correctness of PG Pin Connectivity for All Instances
    ------------------------------
    # Instances that No Net Defined for Any PG Pin  0  
    # Floating PG Terms  0  
    # PG Pins Connect to Non-PG Net  0  
    # Power Pins Connect Ground Net  0  
    # Ground Pins Connect Power Net  0  34068  
Average Pins Per Net(Signal): 3.155  

==============================
General Library Information
==============================
# Routing Layers: 10  
# Masterslice Layers: 4  
# Pin Layers: 
    General Caution:
        1) Library have M1, M2, M3, M4, M5 and M6 pins, you should setPlaceMode -prerouteAsObs {1 2 3}                                 to ensure these pins are accessible after placement

    ------------------------------
    Pin Layers
    ------------------------------
    M6  
    M5  
    M4  
    M3  
    M2  
    M1  6  
# Layers: 
    ------------------------------
    Layer Pad Information
    ------------------------------
    Type  Routing  
    Wire Pitch X  0.080 um  
    Wire Pitch Y  0.080 um  
    Offset X  0.040 um  
    Offset Y  0.040 um  
    Wire Width  0.040 um  
    Spacing  2.000 um  
    ------------------------------
    Layer V9 Information
    ------------------------------
    Type  Cut  
    Wire Width  0.040 um  
    Vias  
        ------------------------------
        Via list in layer V9
        ------------------------------
                  Vias in V9  Default  
        NR_BRIDGE_VIA9_2x1_HH_VS      Yes  
        NR_BRIDGE_VIA9_2x1_HH_VN      Yes  
           NR_VIA9_2x1_VH_VS      Yes  
           NR_VIA9_2x1_VH_VN      Yes  
            NR_VIA9_1x2_VH_H      Yes  
                  NR_VIA9_VH      Yes  
                     VIA9Pad      Yes  For complete list click here  
    ------------------------------
    Layer M9 Information
    ------------------------------
    Type  Routing  
    Wire Pitch X  0.080 um  
    Wire Pitch Y  0.080 um  
    Offset X  0.040 um  
    Offset Y  0.040 um  
    Wire Width  0.040 um  
    Spacing  0.040 um  
    ------------------------------
    Layer V8 Information
    ------------------------------
    Type  Cut  
    Wire Width  0.040 um  
    Vias  
        ------------------------------
        Via list in layer V8
        ------------------------------
                  Vias in V8  Default  
            NR_VIA8_1x2_HV_H      Yes  
            NR_VIA8_2x1_HV_V      Yes  
                       VIA89      Yes  For complete list click here  
    ------------------------------
    Layer M8 Information
    ------------------------------
    Type  Routing  
    Wire Pitch X  0.080 um  
    Wire Pitch Y  0.080 um  
    Offset X  0.040 um  
    Offset Y  0.040 um  
    Wire Width  0.040 um  
    Spacing  0.040 um  
    ------------------------------
    Layer V7 Information
    ------------------------------
    Type  Cut  
    Wire Width  0.032 um  
    Vias  
        ------------------------------
        Via list in layer V7
        ------------------------------
                  Vias in V7  Default  
        NR_BRIDGE_VIA7_2x1_HH_VS      Yes  
        NR_BRIDGE_VIA7_2x1_HH_VN      Yes  
            NR_VIA7_1x2_VH_H      Yes  
           NR_VIA7_2x1_VH_VS      Yes  
           NR_VIA7_2x1_VH_VN      Yes  
                NR_VIA7_VV_N      Yes  
                  NR_VIA7_HH      Yes  
                       VIA78      Yes  For complete list click here  
    ------------------------------
    Layer M7 Information
    ------------------------------
    Type  Routing  
    Wire Pitch X  0.064 um  
    Wire Pitch Y  0.064 um  
    Offset X  0.032 um  
    Offset Y  0.032 um  
    Wire Width  0.032 um  
    Spacing  0.032 um  
    ------------------------------
    Layer V6 Information
    ------------------------------
    Type  Cut  
    Vias  
        ------------------------------
        Via list in layer V6
        ------------------------------
                  Vias in V6  Default  
            NR_VIA6_1x2_HV_H      Yes  
            NR_VIA6_2x1_HV_V      Yes  
                  NR_VIA6_HH      Yes  
                  NR_VIA6_VV      Yes  
                  NR_VIA6_PV      Yes  
                  NR_VIA6_HP      Yes  
                       VIA67      Yes  For complete list click here  
    ------------------------------
    Layer M6 Information
    ------------------------------
    Type  Routing  
    Wire Pitch X  0.064 um  
    Wire Pitch Y  0.064 um  
    Offset X  0.032 um  
    Offset Y  0.032 um  
    Wire Width  0.032 um  
    Spacing  0.032 um  
    ------------------------------
    Layer V5 Information
    ------------------------------
    Type  Cut  
    Vias  
        ------------------------------
        Via list in layer V5
        ------------------------------
                  Vias in V5  Default  
        NR_BRIDGE_VIA5_2x1_HH_VS      Yes  
        NR_BRIDGE_VIA5_2x1_HH_VN      Yes  
            NR_VIA5_2x1_VH_V      Yes  
            NR_VIA5_1x2_VH_H      Yes  
                NR_VIA5_VV_H      Yes  
                NR_VIA5_VH_H      Yes  
                NR_VIA5_VV_V      Yes  
                NR_VIA5_HH_H      Yes  
                NR_VIA5_HH_V      Yes  
                       VIA56      Yes  For complete list click here  
    ------------------------------
    Layer M5 Information
    ------------------------------
    Type  Routing  
    Wire Pitch X  0.048 um  
    Wire Pitch Y  0.048 um  
    Wire Width  0.024 um  
    Spacing  0.024 um  
    ------------------------------
    Layer V4 Information
    ------------------------------
    Type  Cut  
    Vias  
        ------------------------------
        Via list in layer V4
        ------------------------------
                  Vias in V4  Default  
            NR_VIA4_1x2_HV_H      Yes  
            NR_VIA4_2x1_HV_V      Yes  
                  NR_VIA4_HH      Yes  
                  NR_VIA4_VV      Yes  
                  NR_VIA4_PV      Yes  
                       VIA45      Yes  For complete list click here  
    ------------------------------
    Layer M4 Information
    ------------------------------
    Type  Routing  
    Wire Pitch X  0.048 um  
    Wire Pitch Y  0.048 um  
    Offset X  0.003 um  
    Offset Y  0.003 um  
    Wire Width  0.024 um  
    Spacing  0.024 um  
    ------------------------------
    Layer V3 Information
    ------------------------------
    Type  Cut  
    Vias  
        ------------------------------
        Via list in layer V3
        ------------------------------
                  Vias in V3  Default  
            NR_VIA3_2x1_VH_V      Yes  
            NR_VIA3_1x2_VH_H      Yes  
                NR_VIA3_VV_V      Yes  
                NR_VIA3_VV_H      Yes  
                NR_VIA3_VH_H      Yes  
                NR_VIA3_PH_V      Yes  
                       VIA34      Yes  For complete list click here  
    ------------------------------
    Layer M3 Information
    ------------------------------
    Type  Routing  
    Wire Pitch X  0.036 um  
    Wire Pitch Y  0.036 um  
    Wire Width  0.018 um  
    Spacing  0.018 um  
    ------------------------------
    Layer V2 Information
    ------------------------------
    Type  Cut  
    Wire Width  0.018 um  
    Vias  
        ------------------------------
        Via list in layer V2
        ------------------------------
                  Vias in V2  Default  
        NR_BRIDGE_VIA2_1x2_HH_HW      Yes  
        NR_BRIDGE_VIA2_1x2_HH_HE      Yes  
        NR_BRIDGE_VIA2_2x1_HH_VS      Yes  
        NR_BRIDGE_VIA2_2x1_HH_VN      Yes  
            NR_VIA2_1x2_HV_H      Yes  
            NR_VIA2_2x1_HV_V      Yes  
                  NR_VIA2_HH      Yes  
                  NR_VIA2_VV      Yes  
                      VIA23P       No  
                       VIA23      Yes  For complete list click here  
    ------------------------------
    Layer M2 Information
    ------------------------------
    Type  Routing  
    Wire Pitch X  0.036 um  
    Wire Pitch Y  0.036 um  
    Wire Width  0.018 um  
    Spacing  0.018 um  
    ------------------------------
    Layer V1 Information
    ------------------------------
    Type  Cut  
    Wire Width  0.018 um  
    Vias  
        ------------------------------
        Via list in layer V1
        ------------------------------
                  Vias in V1  Default  
        NR_BRIDGE_VIA1_2x1_HH_VS      Yes  
        NR_BRIDGE_VIA1_2x1_HH_VN      Yes  
        NR_BRIDGE_VIA1_1x2_HH_HW      Yes  
        NR_BRIDGE_VIA1_1x2_HH_HE      Yes  
            NR_VIA1_2x1_VH_V      Yes  
           NR_VIA1_1x2_VH_HW      Yes  
           NR_VIA1_1x2_VH_HE      Yes  
                  NR_VIA1_VV      Yes  
                  NR_VIA1_HH      Yes  
                       VIA12      Yes  For complete list click here  
    ------------------------------
    Layer M1 Information
    ------------------------------
    Type  Routing  
    Wire Pitch X  0.036 um  
    Wire Pitch Y  0.036 um  
    Wire Width  0.018 um  
    Spacing  0.018 um  
    ------------------------------
    Layer V0 Information
    ------------------------------
    Type  Cut  
    Wire Width  0.018 um  
    Vias  
        ------------------------------
        Via list in layer V0
        ------------------------------  
    ------------------------------
    Layer Active Information
    ------------------------------
    Type  Masterslice  
    ------------------------------
    Layer Gate Information
    ------------------------------
    Type  Masterslice  24  
# Pins without Physical Port: 0  
# Pins in Library without Timing Lib: 
    ------------------------------
    Pins in Library without timing lib
    ------------------------------
               Cell Name      List of Pin Name  
    A2O1A1Ixp33_ASAP7_75t_R                    A1  
    A2O1A1Ixp33_ASAP7_75t_R                    A2  
    A2O1A1Ixp33_ASAP7_75t_R                     B  
    A2O1A1Ixp33_ASAP7_75t_R                     C  
    A2O1A1Ixp33_ASAP7_75t_R                     Y  
    A2O1A1O1Ixp25_ASAP7_75t_R                    A1  
    A2O1A1O1Ixp25_ASAP7_75t_R                    A2  
    A2O1A1O1Ixp25_ASAP7_75t_R                     B  
    A2O1A1O1Ixp25_ASAP7_75t_R                     C  
    A2O1A1O1Ixp25_ASAP7_75t_R                     D  
    A2O1A1O1Ixp25_ASAP7_75t_R                     Y  
      AND2x2_ASAP7_75t_R                     A  
      AND2x2_ASAP7_75t_R                     B  
      AND2x2_ASAP7_75t_R                     Y  
      AND2x4_ASAP7_75t_R                     A  
      AND2x4_ASAP7_75t_R                     B  
      AND2x4_ASAP7_75t_R                     Y  
      AND2x6_ASAP7_75t_R                     A  
      AND2x6_ASAP7_75t_R                     B  
      AND2x6_ASAP7_75t_R                     Y  
      AND3x1_ASAP7_75t_R                     A  
      AND3x1_ASAP7_75t_R                     B  
      AND3x1_ASAP7_75t_R                     C  
      AND3x1_ASAP7_75t_R                     Y  
      AND3x2_ASAP7_75t_R                     A  
      AND3x2_ASAP7_75t_R                     B  
      AND3x2_ASAP7_75t_R                     C  
      AND3x2_ASAP7_75t_R                     Y  
      AND3x4_ASAP7_75t_R                     A  
      AND3x4_ASAP7_75t_R                     B  
      AND3x4_ASAP7_75t_R                     C  
      AND3x4_ASAP7_75t_R                     Y  
      AND4x1_ASAP7_75t_R                     A  
      AND4x1_ASAP7_75t_R                     B  
      AND4x1_ASAP7_75t_R                     C  
      AND4x1_ASAP7_75t_R                     D  
      AND4x1_ASAP7_75t_R                     Y  
      AND4x2_ASAP7_75t_R                     A  
      AND4x2_ASAP7_75t_R                     B  
      AND4x2_ASAP7_75t_R                     C  
      AND4x2_ASAP7_75t_R                     D  
      AND4x2_ASAP7_75t_R                     Y  
      AND5x1_ASAP7_75t_R                     A  
      AND5x1_ASAP7_75t_R                     B  
      AND5x1_ASAP7_75t_R                     C  
      AND5x1_ASAP7_75t_R                     D  
      AND5x1_ASAP7_75t_R                     E  
      AND5x1_ASAP7_75t_R                     Y  
      AND5x2_ASAP7_75t_R                     A  
      AND5x2_ASAP7_75t_R                     B  
      AND5x2_ASAP7_75t_R                     C  
      AND5x2_ASAP7_75t_R                     D  
      AND5x2_ASAP7_75t_R                     E  
      AND5x2_ASAP7_75t_R                     Y  
     AO211x2_ASAP7_75t_R                    A1  
     AO211x2_ASAP7_75t_R                    A2  
     AO211x2_ASAP7_75t_R                     B  
     AO211x2_ASAP7_75t_R                     C  
     AO211x2_ASAP7_75t_R                     Y  
      AO21x1_ASAP7_75t_R                    A1  
      AO21x1_ASAP7_75t_R                    A2  
      AO21x1_ASAP7_75t_R                     B  
      AO21x1_ASAP7_75t_R                     Y  
      AO21x2_ASAP7_75t_R                    A1  
      AO21x2_ASAP7_75t_R                    A2  
      AO21x2_ASAP7_75t_R                     B  
      AO21x2_ASAP7_75t_R                     Y  
     AO221x1_ASAP7_75t_R                    A1  
     AO221x1_ASAP7_75t_R                    A2  
     AO221x1_ASAP7_75t_R                    B1  
     AO221x1_ASAP7_75t_R                    B2  
     AO221x1_ASAP7_75t_R                     C  
     AO221x1_ASAP7_75t_R                     Y  
     AO221x2_ASAP7_75t_R                    A1  
     AO221x2_ASAP7_75t_R                    A2  
     AO221x2_ASAP7_75t_R                    B1  
     AO221x2_ASAP7_75t_R                    B2  
     AO221x2_ASAP7_75t_R                     C  
     AO221x2_ASAP7_75t_R                     Y  
     AO222x2_ASAP7_75t_R                    A1  
     AO222x2_ASAP7_75t_R                    A2  
     AO222x2_ASAP7_75t_R                    B1  
     AO222x2_ASAP7_75t_R                    B2  
     AO222x2_ASAP7_75t_R                    C1  
     AO222x2_ASAP7_75t_R                    C2  
     AO222x2_ASAP7_75t_R                     Y  
      AO22x1_ASAP7_75t_R                    A1  
      AO22x1_ASAP7_75t_R                    A2  
      AO22x1_ASAP7_75t_R                    B1  
      AO22x1_ASAP7_75t_R                    B2  
      AO22x1_ASAP7_75t_R                     Y  
      AO22x2_ASAP7_75t_R                    A1  
      AO22x2_ASAP7_75t_R                    A2  
      AO22x2_ASAP7_75t_R                    B1  
      AO22x2_ASAP7_75t_R                    B2  
      AO22x2_ASAP7_75t_R                     Y  
      AO31x2_ASAP7_75t_R                    A1  
      AO31x2_ASAP7_75t_R                    A2  
      AO31x2_ASAP7_75t_R                    A3  
      AO31x2_ASAP7_75t_R                     B  
      AO31x2_ASAP7_75t_R                     Y  
     AO322x2_ASAP7_75t_R                    A1  
     AO322x2_ASAP7_75t_R                    A2  
     AO322x2_ASAP7_75t_R                    A3  
     AO322x2_ASAP7_75t_R                    B1  
     AO322x2_ASAP7_75t_R                    B2  
     AO322x2_ASAP7_75t_R                    C1  
     AO322x2_ASAP7_75t_R                    C2  
     AO322x2_ASAP7_75t_R                     Y  
      AO32x1_ASAP7_75t_R                    A1  
      AO32x1_ASAP7_75t_R                    A2  
      AO32x1_ASAP7_75t_R                    A3  
      AO32x1_ASAP7_75t_R                    B1  
      AO32x1_ASAP7_75t_R                    B2  
      AO32x1_ASAP7_75t_R                     Y  
      AO32x2_ASAP7_75t_R                    A1  
      AO32x2_ASAP7_75t_R                    A2  
      AO32x2_ASAP7_75t_R                    A3  
      AO32x2_ASAP7_75t_R                    B1  
      AO32x2_ASAP7_75t_R                    B2  
      AO32x2_ASAP7_75t_R                     Y  
     AO331x1_ASAP7_75t_R                    A1  
     AO331x1_ASAP7_75t_R                    A2  
     AO331x1_ASAP7_75t_R                    A3  
     AO331x1_ASAP7_75t_R                    B1  
     AO331x1_ASAP7_75t_R                    B2  
     AO331x1_ASAP7_75t_R                    B3  
     AO331x1_ASAP7_75t_R                     C  
     AO331x1_ASAP7_75t_R                     Y  
     AO331x2_ASAP7_75t_R                    A1  
     AO331x2_ASAP7_75t_R                    A2  
     AO331x2_ASAP7_75t_R                    A3  
     AO331x2_ASAP7_75t_R                    B1  
     AO331x2_ASAP7_75t_R                    B2  
     AO331x2_ASAP7_75t_R                    B3  
     AO331x2_ASAP7_75t_R                     C  
     AO331x2_ASAP7_75t_R                     Y  
     AO332x1_ASAP7_75t_R                    A1  
     AO332x1_ASAP7_75t_R                    A2  
     AO332x1_ASAP7_75t_R                    A3  
     AO332x1_ASAP7_75t_R                    B1  
     AO332x1_ASAP7_75t_R                    B2  
     AO332x1_ASAP7_75t_R                    B3  
     AO332x1_ASAP7_75t_R                    C1  
     AO332x1_ASAP7_75t_R                    C2  
     AO332x1_ASAP7_75t_R                     Y  
     AO332x2_ASAP7_75t_R                    A1  
     AO332x2_ASAP7_75t_R                    A2  
     AO332x2_ASAP7_75t_R                    A3  
     AO332x2_ASAP7_75t_R                    B1  
     AO332x2_ASAP7_75t_R                    B2  
     AO332x2_ASAP7_75t_R                    B3  
     AO332x2_ASAP7_75t_R                    C1  
     AO332x2_ASAP7_75t_R                    C2  
     AO332x2_ASAP7_75t_R                     Y  
     AO333x1_ASAP7_75t_R                    A1  
     AO333x1_ASAP7_75t_R                    A2  
     AO333x1_ASAP7_75t_R                    A3  
     AO333x1_ASAP7_75t_R                    B1  
     AO333x1_ASAP7_75t_R                    B2  
     AO333x1_ASAP7_75t_R                    B3  
     AO333x1_ASAP7_75t_R                    C1  
     AO333x1_ASAP7_75t_R                    C2  
     AO333x1_ASAP7_75t_R                    C3  
     AO333x1_ASAP7_75t_R                     Y  
     AO333x2_ASAP7_75t_R                    A1  
     AO333x2_ASAP7_75t_R                    A2  
     AO333x2_ASAP7_75t_R                    A3  
     AO333x2_ASAP7_75t_R                    B1  
     AO333x2_ASAP7_75t_R                    B2  
     AO333x2_ASAP7_75t_R                    B3  
     AO333x2_ASAP7_75t_R                    C1  
     AO333x2_ASAP7_75t_R                    C2  
     AO333x2_ASAP7_75t_R                    C3  
     AO333x2_ASAP7_75t_R                     Y  
      AO33x2_ASAP7_75t_R                    A1  
      AO33x2_ASAP7_75t_R                    A2  
      AO33x2_ASAP7_75t_R                    A3  
      AO33x2_ASAP7_75t_R                    B1  
      AO33x2_ASAP7_75t_R                    B2  
      AO33x2_ASAP7_75t_R                    B3  
      AO33x2_ASAP7_75t_R                     Y  
    AOI211x1_ASAP7_75t_R                    A1  
    AOI211x1_ASAP7_75t_R                    A2  
    AOI211x1_ASAP7_75t_R                     B  
    AOI211x1_ASAP7_75t_R                     C  
    AOI211x1_ASAP7_75t_R                     Y  
    AOI211xp5_ASAP7_75t_R                    A1  
    AOI211xp5_ASAP7_75t_R                    A2  
    AOI211xp5_ASAP7_75t_R                     B  
    AOI211xp5_ASAP7_75t_R                     C  
    AOI211xp5_ASAP7_75t_R                     Y  
     AOI21x1_ASAP7_75t_R                    A1  
     AOI21x1_ASAP7_75t_R                    A2  
     AOI21x1_ASAP7_75t_R                     B  
     AOI21x1_ASAP7_75t_R                     Y  
    AOI21xp33_ASAP7_75t_R                    A1  
    AOI21xp33_ASAP7_75t_R                    A2  
    AOI21xp33_ASAP7_75t_R                     B  
    AOI21xp33_ASAP7_75t_R                     Y  
    AOI21xp5_ASAP7_75t_R                    A1  
    AOI21xp5_ASAP7_75t_R                    A2  
    AOI21xp5_ASAP7_75t_R                     B  
    AOI21xp5_ASAP7_75t_R                     Y  
    AOI221x1_ASAP7_75t_R                    A1  
    AOI221x1_ASAP7_75t_R                    A2  
    AOI221x1_ASAP7_75t_R                    B1  
    AOI221x1_ASAP7_75t_R                    B2  
    AOI221x1_ASAP7_75t_R                     C  
    AOI221x1_ASAP7_75t_R                     Y  
    AOI221xp5_ASAP7_75t_R                    A1  
    AOI221xp5_ASAP7_75t_R                    A2  
    AOI221xp5_ASAP7_75t_R                    B1  
    AOI221xp5_ASAP7_75t_R                    B2  
    AOI221xp5_ASAP7_75t_R                     C  
    AOI221xp5_ASAP7_75t_R                     Y  
    AOI222xp33_ASAP7_75t_R                    A1  
    AOI222xp33_ASAP7_75t_R                    A2  
    AOI222xp33_ASAP7_75t_R                    B1  
    AOI222xp33_ASAP7_75t_R                    B2  
    AOI222xp33_ASAP7_75t_R                    C1  
    AOI222xp33_ASAP7_75t_R                    C2  
    AOI222xp33_ASAP7_75t_R                     Y  
     AOI22x1_ASAP7_75t_R                    A1  
     AOI22x1_ASAP7_75t_R                    A2  
     AOI22x1_ASAP7_75t_R                    B1  
     AOI22x1_ASAP7_75t_R                    B2  
     AOI22x1_ASAP7_75t_R                     Y  
    AOI22xp33_ASAP7_75t_R                    A1  
    AOI22xp33_ASAP7_75t_R                    A2  
    AOI22xp33_ASAP7_75t_R                    B1  
    AOI22xp33_ASAP7_75t_R                    B2  
    AOI22xp33_ASAP7_75t_R                     Y  
    AOI22xp5_ASAP7_75t_R                    A1  
    AOI22xp5_ASAP7_75t_R                    A2  
    AOI22xp5_ASAP7_75t_R                    B1  
    AOI22xp5_ASAP7_75t_R                    B2  
    AOI22xp5_ASAP7_75t_R                     Y  
    AOI311xp33_ASAP7_75t_R                    A1  
    AOI311xp33_ASAP7_75t_R                    A2  
    AOI311xp33_ASAP7_75t_R                    A3  
    AOI311xp33_ASAP7_75t_R                     B  
    AOI311xp33_ASAP7_75t_R                     C  
    AOI311xp33_ASAP7_75t_R                     Y  
    AOI31xp33_ASAP7_75t_R                    A1  
    AOI31xp33_ASAP7_75t_R                    A2  
    AOI31xp33_ASAP7_75t_R                    A3  
    AOI31xp33_ASAP7_75t_R                     B  
    AOI31xp33_ASAP7_75t_R                     Y  
    AOI31xp67_ASAP7_75t_R                    A1  
    AOI31xp67_ASAP7_75t_R                    A2  
    AOI31xp67_ASAP7_75t_R                    A3  
    AOI31xp67_ASAP7_75t_R                     B  
    AOI31xp67_ASAP7_75t_R                     Y  
    AOI321xp33_ASAP7_75t_R                    A1  
    AOI321xp33_ASAP7_75t_R                    A2  
    AOI321xp33_ASAP7_75t_R                    A3  
    AOI321xp33_ASAP7_75t_R                    B1  
    AOI321xp33_ASAP7_75t_R                    B2  
    AOI321xp33_ASAP7_75t_R                     C  
    AOI321xp33_ASAP7_75t_R                     Y  
    AOI322xp5_ASAP7_75t_R                    A1  
    AOI322xp5_ASAP7_75t_R                    A2  
    AOI322xp5_ASAP7_75t_R                    A3  
    AOI322xp5_ASAP7_75t_R                    B1  
    AOI322xp5_ASAP7_75t_R                    B2  
    AOI322xp5_ASAP7_75t_R                    C1  
    AOI322xp5_ASAP7_75t_R                    C2  
    AOI322xp5_ASAP7_75t_R                     Y  
    AOI32xp33_ASAP7_75t_R                    A1  
    AOI32xp33_ASAP7_75t_R                    A2  
    AOI32xp33_ASAP7_75t_R                    A3  
    AOI32xp33_ASAP7_75t_R                    B1  
    AOI32xp33_ASAP7_75t_R                    B2  
    AOI32xp33_ASAP7_75t_R                     Y  
    AOI331xp33_ASAP7_75t_R                    A1  
    AOI331xp33_ASAP7_75t_R                    A2  
    AOI331xp33_ASAP7_75t_R                    A3  
    AOI331xp33_ASAP7_75t_R                    B1  
    AOI331xp33_ASAP7_75t_R                    B2  
    AOI331xp33_ASAP7_75t_R                    B3  
    AOI331xp33_ASAP7_75t_R                    C1  
    AOI331xp33_ASAP7_75t_R                     Y  
    AOI332xp33_ASAP7_75t_R                    A1  
    AOI332xp33_ASAP7_75t_R                    A2  
    AOI332xp33_ASAP7_75t_R                    A3  
    AOI332xp33_ASAP7_75t_R                    B1  
    AOI332xp33_ASAP7_75t_R                    B2  
    AOI332xp33_ASAP7_75t_R                    B3  
    AOI332xp33_ASAP7_75t_R                    C1  
    AOI332xp33_ASAP7_75t_R                    C2  
    AOI332xp33_ASAP7_75t_R                     Y  
    AOI333xp33_ASAP7_75t_R                    A1  
    AOI333xp33_ASAP7_75t_R                    A2  
    AOI333xp33_ASAP7_75t_R                    A3  
    AOI333xp33_ASAP7_75t_R                    B1  
    AOI333xp33_ASAP7_75t_R                    B2  
    AOI333xp33_ASAP7_75t_R                    B3  
    AOI333xp33_ASAP7_75t_R                    C1  
    AOI333xp33_ASAP7_75t_R                    C2  
    AOI333xp33_ASAP7_75t_R                    C3  
    AOI333xp33_ASAP7_75t_R                     Y  
    AOI33xp33_ASAP7_75t_R                    A1  
    AOI33xp33_ASAP7_75t_R                    A2  
    AOI33xp33_ASAP7_75t_R                    A3  
    AOI33xp33_ASAP7_75t_R                    B1  
    AOI33xp33_ASAP7_75t_R                    B2  
    AOI33xp33_ASAP7_75t_R                    B3  
    AOI33xp33_ASAP7_75t_R                     Y  
      BUFx10_ASAP7_75t_R                     A  
      BUFx10_ASAP7_75t_R                     Y  
      BUFx12_ASAP7_75t_R                     A  
      BUFx12_ASAP7_75t_R                     Y  
     BUFx12f_ASAP7_75t_R                     A  
     BUFx12f_ASAP7_75t_R                     Y  
     BUFx16f_ASAP7_75t_R                     A  
     BUFx16f_ASAP7_75t_R                     Y  
      BUFx24_ASAP7_75t_R                     A  
      BUFx24_ASAP7_75t_R                     Y  
       BUFx2_ASAP7_75t_R                     A  
       BUFx2_ASAP7_75t_R                     Y  
       BUFx3_ASAP7_75t_R                     A  
       BUFx3_ASAP7_75t_R                     Y  
       BUFx4_ASAP7_75t_R                     A  
       BUFx4_ASAP7_75t_R                     Y  
      BUFx4f_ASAP7_75t_R                     A  
      BUFx4f_ASAP7_75t_R                     Y  
       BUFx5_ASAP7_75t_R                     A  
       BUFx5_ASAP7_75t_R                     Y  
      BUFx6f_ASAP7_75t_R                     A  
      BUFx6f_ASAP7_75t_R                     Y  
       BUFx8_ASAP7_75t_R                     A  
       BUFx8_ASAP7_75t_R                     Y  
    CKINVDCx10_ASAP7_75t_R                     A  
    CKINVDCx10_ASAP7_75t_R                     Y  
    CKINVDCx11_ASAP7_75t_R                     A  
    CKINVDCx11_ASAP7_75t_R                     Y  
    CKINVDCx12_ASAP7_75t_R                     A  
    CKINVDCx12_ASAP7_75t_R                     Y  
    CKINVDCx14_ASAP7_75t_R                     A  
    CKINVDCx14_ASAP7_75t_R                     Y  
    CKINVDCx16_ASAP7_75t_R                     A  
    CKINVDCx16_ASAP7_75t_R                     Y  
    CKINVDCx20_ASAP7_75t_R                     A  
    CKINVDCx20_ASAP7_75t_R                     Y  
    CKINVDCx5p33_ASAP7_75t_R                     A  
    CKINVDCx5p33_ASAP7_75t_R                     Y  
    CKINVDCx6p67_ASAP7_75t_R                     A  
    CKINVDCx6p67_ASAP7_75t_R                     Y  
    CKINVDCx8_ASAP7_75t_R                     A  
    CKINVDCx8_ASAP7_75t_R                     Y  
    CKINVDCx9p33_ASAP7_75t_R                     A  
    CKINVDCx9p33_ASAP7_75t_R                     Y  
    DFFASRHQNx1_ASAP7_75t_R                   CLK  
    DFFASRHQNx1_ASAP7_75t_R                     D  
    DFFASRHQNx1_ASAP7_75t_R                    QN  
    DFFASRHQNx1_ASAP7_75t_R                RESETN  
    DFFASRHQNx1_ASAP7_75t_R                  SETN  
    DFFHQNx1_ASAP7_75t_R                   CLK  
    DFFHQNx1_ASAP7_75t_R                     D  
    DFFHQNx1_ASAP7_75t_R                    QN  
    DFFHQNx2_ASAP7_75t_R                   CLK  
    DFFHQNx2_ASAP7_75t_R                     D  
    DFFHQNx2_ASAP7_75t_R                    QN  
    DFFHQNx3_ASAP7_75t_R                   CLK  
    DFFHQNx3_ASAP7_75t_R                     D  
    DFFHQNx3_ASAP7_75t_R                    QN  
     DFFHQx4_ASAP7_75t_R                   CLK  
     DFFHQx4_ASAP7_75t_R                     D  
     DFFHQx4_ASAP7_75t_R                     Q  
    DFFLQNx1_ASAP7_75t_R                   CLK  
    DFFLQNx1_ASAP7_75t_R                     D  
    DFFLQNx1_ASAP7_75t_R                    QN  
    DFFLQNx2_ASAP7_75t_R                   CLK  
    DFFLQNx2_ASAP7_75t_R                     D  
    DFFLQNx2_ASAP7_75t_R                    QN  
    DFFLQNx3_ASAP7_75t_R                   CLK  
    DFFLQNx3_ASAP7_75t_R                     D  
    DFFLQNx3_ASAP7_75t_R                    QN  
     DFFLQx4_ASAP7_75t_R                   CLK  
     DFFLQx4_ASAP7_75t_R                     D  
     DFFLQx4_ASAP7_75t_R                     Q  
       DHLx1_ASAP7_75t_R                   CLK  
       DHLx1_ASAP7_75t_R                     D  
       DHLx1_ASAP7_75t_R                     Q  
       DHLx2_ASAP7_75t_R                   CLK  
       DHLx2_ASAP7_75t_R                     D  
       DHLx2_ASAP7_75t_R                     Q  
       DHLx3_ASAP7_75t_R                   CLK  
       DHLx3_ASAP7_75t_R                     D  
       DHLx3_ASAP7_75t_R                     Q  
       DLLx1_ASAP7_75t_R                   CLK  
       DLLx1_ASAP7_75t_R                     D  
       DLLx1_ASAP7_75t_R                     Q  
       DLLx2_ASAP7_75t_R                   CLK  
       DLLx2_ASAP7_75t_R                     D  
       DLLx2_ASAP7_75t_R                     Q  
       DLLx3_ASAP7_75t_R                   CLK  
       DLLx3_ASAP7_75t_R                     D  
       DLLx3_ASAP7_75t_R                     Q  
        FAx1_ASAP7_75t_R                     A  
        FAx1_ASAP7_75t_R                     B  
        FAx1_ASAP7_75t_R                    CI  
        FAx1_ASAP7_75t_R                   CON  
        FAx1_ASAP7_75t_R                    SN  
       HAxp5_ASAP7_75t_R                     A  
       HAxp5_ASAP7_75t_R                     B  
       HAxp5_ASAP7_75t_R                   CON  
       HAxp5_ASAP7_75t_R                    SN  
     HB1xp67_ASAP7_75t_R                     A  
     HB1xp67_ASAP7_75t_R                     Y  
     HB2xp67_ASAP7_75t_R                     A  
     HB2xp67_ASAP7_75t_R                     Y  
     HB3xp67_ASAP7_75t_R                     A  
     HB3xp67_ASAP7_75t_R                     Y  
     HB4xp67_ASAP7_75t_R                     A  
     HB4xp67_ASAP7_75t_R                     Y  
       ICGx1_ASAP7_75t_R                   CLK  
       ICGx1_ASAP7_75t_R                   ENA  
       ICGx1_ASAP7_75t_R                  GCLK  
       ICGx1_ASAP7_75t_R                    SE  
       ICGx2_ASAP7_75t_R                   CLK  
       ICGx2_ASAP7_75t_R                   ENA  
       ICGx2_ASAP7_75t_R                  GCLK  
       ICGx2_ASAP7_75t_R                    SE  
    ICGx2p67DC_ASAP7_75t_R                   CLK  
    ICGx2p67DC_ASAP7_75t_R                   ENA  
    ICGx2p67DC_ASAP7_75t_R                  GCLK  
    ICGx2p67DC_ASAP7_75t_R                    SE  
       ICGx3_ASAP7_75t_R                   CLK  
       ICGx3_ASAP7_75t_R                   ENA  
       ICGx3_ASAP7_75t_R                  GCLK  
       ICGx3_ASAP7_75t_R                    SE  
     ICGx4DC_ASAP7_75t_R                   CLK  
     ICGx4DC_ASAP7_75t_R                   ENA  
     ICGx4DC_ASAP7_75t_R                  GCLK  
     ICGx4DC_ASAP7_75t_R                    SE  
       ICGx4_ASAP7_75t_R                   CLK  
       ICGx4_ASAP7_75t_R                   ENA  
       ICGx4_ASAP7_75t_R                  GCLK  
       ICGx4_ASAP7_75t_R                    SE  
       ICGx5_ASAP7_75t_R                   CLK  
       ICGx5_ASAP7_75t_R                   ENA  
       ICGx5_ASAP7_75t_R                  GCLK  
       ICGx5_ASAP7_75t_R                    SE  
    ICGx5p33DC_ASAP7_75t_R                   CLK  
    ICGx5p33DC_ASAP7_75t_R                   ENA  
    ICGx5p33DC_ASAP7_75t_R                  GCLK  
    ICGx5p33DC_ASAP7_75t_R                    SE  
    ICGx6p67DC_ASAP7_75t_R                   CLK  
    ICGx6p67DC_ASAP7_75t_R                   ENA  
    ICGx6p67DC_ASAP7_75t_R                  GCLK  
    ICGx6p67DC_ASAP7_75t_R                    SE  
     ICGx8DC_ASAP7_75t_R                   CLK  
     ICGx8DC_ASAP7_75t_R                   ENA  
     ICGx8DC_ASAP7_75t_R                  GCLK  
     ICGx8DC_ASAP7_75t_R                    SE  
      INVx11_ASAP7_75t_R                     A  
      INVx11_ASAP7_75t_R                     Y  
      INVx13_ASAP7_75t_R                     A  
      INVx13_ASAP7_75t_R                     Y  
       INVx1_ASAP7_75t_R                     A  
       INVx1_ASAP7_75t_R                     Y  
       INVx2_ASAP7_75t_R                     A  
       INVx2_ASAP7_75t_R                     Y  
       INVx3_ASAP7_75t_R                     A  
       INVx3_ASAP7_75t_R                     Y  
       INVx4_ASAP7_75t_R                     A  
       INVx4_ASAP7_75t_R                     Y  
       INVx5_ASAP7_75t_R                     A  
       INVx5_ASAP7_75t_R                     Y  
       INVx6_ASAP7_75t_R                     A  
       INVx6_ASAP7_75t_R                     Y  
       INVx8_ASAP7_75t_R                     A  
       INVx8_ASAP7_75t_R                     Y  
     INVxp33_ASAP7_75t_R                     A  
     INVxp33_ASAP7_75t_R                     Y  
     INVxp67_ASAP7_75t_R                     A  
     INVxp67_ASAP7_75t_R                     Y  
     MAJIxp5_ASAP7_75t_R                     A  
     MAJIxp5_ASAP7_75t_R                     B  
     MAJIxp5_ASAP7_75t_R                     C  
     MAJIxp5_ASAP7_75t_R                     Y  
       MAJx2_ASAP7_75t_R                     A  
       MAJx2_ASAP7_75t_R                     B  
       MAJx2_ASAP7_75t_R                     C  
       MAJx2_ASAP7_75t_R                     Y  
       MAJx3_ASAP7_75t_R                     A  
       MAJx3_ASAP7_75t_R                     B  
       MAJx3_ASAP7_75t_R                     C  
       MAJx3_ASAP7_75t_R                     Y  
     NAND2x1_ASAP7_75t_R                     A  
     NAND2x1_ASAP7_75t_R                     B  
     NAND2x1_ASAP7_75t_R                     Y  
    NAND2x1p5_ASAP7_75t_R                     A  
    NAND2x1p5_ASAP7_75t_R                     B  
    NAND2x1p5_ASAP7_75t_R                     Y  
     NAND2x2_ASAP7_75t_R                     A  
     NAND2x2_ASAP7_75t_R                     B  
     NAND2x2_ASAP7_75t_R                     Y  
    NAND2xp33_ASAP7_75t_R                     A  
    NAND2xp33_ASAP7_75t_R                     B  
    NAND2xp33_ASAP7_75t_R                     Y  
    NAND2xp5_ASAP7_75t_R                     A  
    NAND2xp5_ASAP7_75t_R                     B  
    NAND2xp5_ASAP7_75t_R                     Y  
    NAND2xp67_ASAP7_75t_R                     A  
    NAND2xp67_ASAP7_75t_R                     B  
    NAND2xp67_ASAP7_75t_R                     Y  
     NAND3x1_ASAP7_75t_R                     A  
     NAND3x1_ASAP7_75t_R                     B  
     NAND3x1_ASAP7_75t_R                     C  
     NAND3x1_ASAP7_75t_R                     Y  
     NAND3x2_ASAP7_75t_R                     A  
     NAND3x2_ASAP7_75t_R                     B  
     NAND3x2_ASAP7_75t_R                     C  
     NAND3x2_ASAP7_75t_R                     Y  
    NAND3xp33_ASAP7_75t_R                     A  
    NAND3xp33_ASAP7_75t_R                     B  
    NAND3xp33_ASAP7_75t_R                     C  
    NAND3xp33_ASAP7_75t_R                     Y  
    NAND4xp25_ASAP7_75t_R                     A  
    NAND4xp25_ASAP7_75t_R                     B  
    NAND4xp25_ASAP7_75t_R                     C  
    NAND4xp25_ASAP7_75t_R                     D  
    NAND4xp25_ASAP7_75t_R                     Y  
    NAND4xp75_ASAP7_75t_R                     A  
    NAND4xp75_ASAP7_75t_R                     B  
    NAND4xp75_ASAP7_75t_R                     C  
    NAND4xp75_ASAP7_75t_R                     D  
    NAND4xp75_ASAP7_75t_R                     Y  
    NAND5xp2_ASAP7_75t_R                     A  
    NAND5xp2_ASAP7_75t_R                     B  
    NAND5xp2_ASAP7_75t_R                     C  
    NAND5xp2_ASAP7_75t_R                     D  
    NAND5xp2_ASAP7_75t_R                     E  
    NAND5xp2_ASAP7_75t_R                     Y  
      NOR2x1_ASAP7_75t_R                     A  
      NOR2x1_ASAP7_75t_R                     B  
      NOR2x1_ASAP7_75t_R                     Y  
    NOR2x1p5_ASAP7_75t_R                     A  
    NOR2x1p5_ASAP7_75t_R                     B  
    NOR2x1p5_ASAP7_75t_R                     Y  
      NOR2x2_ASAP7_75t_R                     A  
      NOR2x2_ASAP7_75t_R                     B  
      NOR2x2_ASAP7_75t_R                     Y  
    NOR2xp33_ASAP7_75t_R                     A  
    NOR2xp33_ASAP7_75t_R                     B  
    NOR2xp33_ASAP7_75t_R                     Y  
    NOR2xp67_ASAP7_75t_R                     A  
    NOR2xp67_ASAP7_75t_R                     B  
    NOR2xp67_ASAP7_75t_R                     Y  
      NOR3x1_ASAP7_75t_R                     A  
      NOR3x1_ASAP7_75t_R                     B  
      NOR3x1_ASAP7_75t_R                     C  
      NOR3x1_ASAP7_75t_R                     Y  
      NOR3x2_ASAP7_75t_R                     A  
      NOR3x2_ASAP7_75t_R                     B  
      NOR3x2_ASAP7_75t_R                     C  
      NOR3x2_ASAP7_75t_R                     Y  
    NOR3xp33_ASAP7_75t_R                     A  
    NOR3xp33_ASAP7_75t_R                     B  
    NOR3xp33_ASAP7_75t_R                     C  
    NOR3xp33_ASAP7_75t_R                     Y  
    NOR4xp25_ASAP7_75t_R                     A  
    NOR4xp25_ASAP7_75t_R                     B  
    NOR4xp25_ASAP7_75t_R                     C  
    NOR4xp25_ASAP7_75t_R                     D  
    NOR4xp25_ASAP7_75t_R                     Y  
    NOR4xp75_ASAP7_75t_R                     A  
    NOR4xp75_ASAP7_75t_R                     B  
    NOR4xp75_ASAP7_75t_R                     C  
    NOR4xp75_ASAP7_75t_R                     D  
    NOR4xp75_ASAP7_75t_R                     Y  
     NOR5xp2_ASAP7_75t_R                     A  
     NOR5xp2_ASAP7_75t_R                     B  
     NOR5xp2_ASAP7_75t_R                     C  
     NOR5xp2_ASAP7_75t_R                     D  
     NOR5xp2_ASAP7_75t_R                     E  
     NOR5xp2_ASAP7_75t_R                     Y  
    O2A1O1Ixp33_ASAP7_75t_R                    A1  
    O2A1O1Ixp33_ASAP7_75t_R                    A2  
    O2A1O1Ixp33_ASAP7_75t_R                     B  
    O2A1O1Ixp33_ASAP7_75t_R                     C  
    O2A1O1Ixp33_ASAP7_75t_R                     Y  
    O2A1O1Ixp5_ASAP7_75t_R                    A1  
    O2A1O1Ixp5_ASAP7_75t_R                    A2  
    O2A1O1Ixp5_ASAP7_75t_R                     B  
    O2A1O1Ixp5_ASAP7_75t_R                     C  
    O2A1O1Ixp5_ASAP7_75t_R                     Y  
     OA211x2_ASAP7_75t_R                    A1  
     OA211x2_ASAP7_75t_R                    A2  
     OA211x2_ASAP7_75t_R                     B  
     OA211x2_ASAP7_75t_R                     C  
     OA211x2_ASAP7_75t_R                     Y  
      OA21x2_ASAP7_75t_R                    A1  
      OA21x2_ASAP7_75t_R                    A2  
      OA21x2_ASAP7_75t_R                     B  
      OA21x2_ASAP7_75t_R                     Y  
     OA221x2_ASAP7_75t_R                    A1  
     OA221x2_ASAP7_75t_R                    A2  
     OA221x2_ASAP7_75t_R                    B1  
     OA221x2_ASAP7_75t_R                    B2  
     OA221x2_ASAP7_75t_R                     C  
     OA221x2_ASAP7_75t_R                     Y  
     OA222x2_ASAP7_75t_R                    A1  
     OA222x2_ASAP7_75t_R                    A2  
     OA222x2_ASAP7_75t_R                    B1  
     OA222x2_ASAP7_75t_R                    B2  
     OA222x2_ASAP7_75t_R                    C1  
     OA222x2_ASAP7_75t_R                    C2  
     OA222x2_ASAP7_75t_R                     Y  
      OA22x2_ASAP7_75t_R                    A1  
      OA22x2_ASAP7_75t_R                    A2  
      OA22x2_ASAP7_75t_R                    B1  
      OA22x2_ASAP7_75t_R                    B2  
      OA22x2_ASAP7_75t_R                     Y  
      OA31x2_ASAP7_75t_R                    A1  
      OA31x2_ASAP7_75t_R                    A2  
      OA31x2_ASAP7_75t_R                    A3  
      OA31x2_ASAP7_75t_R                    B1  
      OA31x2_ASAP7_75t_R                     Y  
     OA331x1_ASAP7_75t_R                    A1  
     OA331x1_ASAP7_75t_R                    A2  
     OA331x1_ASAP7_75t_R                    A3  
     OA331x1_ASAP7_75t_R                    B1  
     OA331x1_ASAP7_75t_R                    B2  
     OA331x1_ASAP7_75t_R                    B3  
     OA331x1_ASAP7_75t_R                    C1  
     OA331x1_ASAP7_75t_R                     Y  
     OA331x2_ASAP7_75t_R                    A1  
     OA331x2_ASAP7_75t_R                    A2  
     OA331x2_ASAP7_75t_R                    A3  
     OA331x2_ASAP7_75t_R                    B1  
     OA331x2_ASAP7_75t_R                    B2  
     OA331x2_ASAP7_75t_R                    B3  
     OA331x2_ASAP7_75t_R                    C1  
     OA331x2_ASAP7_75t_R                     Y  
     OA332x1_ASAP7_75t_R                    A1  
     OA332x1_ASAP7_75t_R                    A2  
     OA332x1_ASAP7_75t_R                    A3  
     OA332x1_ASAP7_75t_R                    B1  
     OA332x1_ASAP7_75t_R                    B2  
     OA332x1_ASAP7_75t_R                    B3  
     OA332x1_ASAP7_75t_R                    C1  
     OA332x1_ASAP7_75t_R                    C2  
     OA332x1_ASAP7_75t_R                     Y  
     OA332x2_ASAP7_75t_R                    A1  
     OA332x2_ASAP7_75t_R                    A2  
     OA332x2_ASAP7_75t_R                    A3  
     OA332x2_ASAP7_75t_R                    B1  
     OA332x2_ASAP7_75t_R                    B2  
     OA332x2_ASAP7_75t_R                    B3  
     OA332x2_ASAP7_75t_R                    C1  
     OA332x2_ASAP7_75t_R                    C2  
     OA332x2_ASAP7_75t_R                     Y  
     OA333x1_ASAP7_75t_R                    A1  
     OA333x1_ASAP7_75t_R                    A2  
     OA333x1_ASAP7_75t_R                    A3  
     OA333x1_ASAP7_75t_R                    B1  
     OA333x1_ASAP7_75t_R                    B2  
     OA333x1_ASAP7_75t_R                    B3  
     OA333x1_ASAP7_75t_R                    C1  
     OA333x1_ASAP7_75t_R                    C2  
     OA333x1_ASAP7_75t_R                    C3  
     OA333x1_ASAP7_75t_R                     Y  
     OA333x2_ASAP7_75t_R                    A1  
     OA333x2_ASAP7_75t_R                    A2  
     OA333x2_ASAP7_75t_R                    A3  
     OA333x2_ASAP7_75t_R                    B1  
     OA333x2_ASAP7_75t_R                    B2  
     OA333x2_ASAP7_75t_R                    B3  
     OA333x2_ASAP7_75t_R                    C1  
     OA333x2_ASAP7_75t_R                    C2  
     OA333x2_ASAP7_75t_R                    C3  
     OA333x2_ASAP7_75t_R                     Y  
      OA33x2_ASAP7_75t_R                    A1  
      OA33x2_ASAP7_75t_R                    A2  
      OA33x2_ASAP7_75t_R                    A3  
      OA33x2_ASAP7_75t_R                    B1  
      OA33x2_ASAP7_75t_R                    B2  
      OA33x2_ASAP7_75t_R                    B3  
      OA33x2_ASAP7_75t_R                     Y  
    OAI211xp5_ASAP7_75t_R                    A1  
    OAI211xp5_ASAP7_75t_R                    A2  
    OAI211xp5_ASAP7_75t_R                     B  
    OAI211xp5_ASAP7_75t_R                     C  
    OAI211xp5_ASAP7_75t_R                     Y  
     OAI21x1_ASAP7_75t_R                    A1  
     OAI21x1_ASAP7_75t_R                    A2  
     OAI21x1_ASAP7_75t_R                     B  
     OAI21x1_ASAP7_75t_R                     Y  
    OAI21xp33_ASAP7_75t_R                    A1  
    OAI21xp33_ASAP7_75t_R                    A2  
    OAI21xp33_ASAP7_75t_R                     B  
    OAI21xp33_ASAP7_75t_R                     Y  
    OAI21xp5_ASAP7_75t_R                    A1  
    OAI21xp5_ASAP7_75t_R                    A2  
    OAI21xp5_ASAP7_75t_R                     B  
    OAI21xp5_ASAP7_75t_R                     Y  
    OAI221xp5_ASAP7_75t_R                    A1  
    OAI221xp5_ASAP7_75t_R                    A2  
    OAI221xp5_ASAP7_75t_R                    B1  
    OAI221xp5_ASAP7_75t_R                    B2  
    OAI221xp5_ASAP7_75t_R                     C  
    OAI221xp5_ASAP7_75t_R                     Y  
    OAI222xp33_ASAP7_75t_R                    A1  
    OAI222xp33_ASAP7_75t_R                    A2  
    OAI222xp33_ASAP7_75t_R                    B1  
    OAI222xp33_ASAP7_75t_R                    B2  
    OAI222xp33_ASAP7_75t_R                    C1  
    OAI222xp33_ASAP7_75t_R                    C2  
    OAI222xp33_ASAP7_75t_R                     Y  
     OAI22x1_ASAP7_75t_R                    A1  
     OAI22x1_ASAP7_75t_R                    A2  
     OAI22x1_ASAP7_75t_R                    B1  
     OAI22x1_ASAP7_75t_R                    B2  
     OAI22x1_ASAP7_75t_R                     Y  
    OAI22xp33_ASAP7_75t_R                    A1  
    OAI22xp33_ASAP7_75t_R                    A2  
    OAI22xp33_ASAP7_75t_R                    B1  
    OAI22xp33_ASAP7_75t_R                    B2  
    OAI22xp33_ASAP7_75t_R                     Y  
    OAI22xp5_ASAP7_75t_R                    A1  
    OAI22xp5_ASAP7_75t_R                    A2  
    OAI22xp5_ASAP7_75t_R                    B1  
    OAI22xp5_ASAP7_75t_R                    B2  
    OAI22xp5_ASAP7_75t_R                     Y  
    OAI311xp33_ASAP7_75t_R                    A1  
    OAI311xp33_ASAP7_75t_R                    A2  
    OAI311xp33_ASAP7_75t_R                    A3  
    OAI311xp33_ASAP7_75t_R                    B1  
    OAI311xp33_ASAP7_75t_R                    C1  
    OAI311xp33_ASAP7_75t_R                     Y  
    OAI31xp33_ASAP7_75t_R                    A1  
    OAI31xp33_ASAP7_75t_R                    A2  
    OAI31xp33_ASAP7_75t_R                    A3  
    OAI31xp33_ASAP7_75t_R                     B  
    OAI31xp33_ASAP7_75t_R                     Y  
    OAI31xp67_ASAP7_75t_R                    A1  
    OAI31xp67_ASAP7_75t_R                    A2  
    OAI31xp67_ASAP7_75t_R                    A3  
    OAI31xp67_ASAP7_75t_R                     B  
    OAI31xp67_ASAP7_75t_R                     Y  
    OAI321xp33_ASAP7_75t_R                    A1  
    OAI321xp33_ASAP7_75t_R                    A2  
    OAI321xp33_ASAP7_75t_R                    A3  
    OAI321xp33_ASAP7_75t_R                    B1  
    OAI321xp33_ASAP7_75t_R                    B2  
    OAI321xp33_ASAP7_75t_R                     C  
    OAI321xp33_ASAP7_75t_R                     Y  
    OAI322xp33_ASAP7_75t_R                    A1  
    OAI322xp33_ASAP7_75t_R                    A2  
    OAI322xp33_ASAP7_75t_R                    A3  
    OAI322xp33_ASAP7_75t_R                    B1  
    OAI322xp33_ASAP7_75t_R                    B2  
    OAI322xp33_ASAP7_75t_R                    C1  
    OAI322xp33_ASAP7_75t_R                    C2  
    OAI322xp33_ASAP7_75t_R                     Y  
    OAI32xp33_ASAP7_75t_R                    A1  
    OAI32xp33_ASAP7_75t_R                    A2  
    OAI32xp33_ASAP7_75t_R                    A3  
    OAI32xp33_ASAP7_75t_R                    B1  
    OAI32xp33_ASAP7_75t_R                    B2  
    OAI32xp33_ASAP7_75t_R                     Y  
    OAI331xp33_ASAP7_75t_R                    A1  
    OAI331xp33_ASAP7_75t_R                    A2  
    OAI331xp33_ASAP7_75t_R                    A3  
    OAI331xp33_ASAP7_75t_R                    B1  
    OAI331xp33_ASAP7_75t_R                    B2  
    OAI331xp33_ASAP7_75t_R                    B3  
    OAI331xp33_ASAP7_75t_R                    C1  
    OAI331xp33_ASAP7_75t_R                     Y  
    OAI332xp33_ASAP7_75t_R                    A1  
    OAI332xp33_ASAP7_75t_R                    A2  
    OAI332xp33_ASAP7_75t_R                    A3  
    OAI332xp33_ASAP7_75t_R                    B1  
    OAI332xp33_ASAP7_75t_R                    B2  
    OAI332xp33_ASAP7_75t_R                    B3  
    OAI332xp33_ASAP7_75t_R                    C1  
    OAI332xp33_ASAP7_75t_R                    C2  
    OAI332xp33_ASAP7_75t_R                     Y  
    OAI333xp33_ASAP7_75t_R                    A1  
    OAI333xp33_ASAP7_75t_R                    A2  
    OAI333xp33_ASAP7_75t_R                    A3  
    OAI333xp33_ASAP7_75t_R                    B1  
    OAI333xp33_ASAP7_75t_R                    B2  
    OAI333xp33_ASAP7_75t_R                    B3  
    OAI333xp33_ASAP7_75t_R                    C1  
    OAI333xp33_ASAP7_75t_R                    C2  
    OAI333xp33_ASAP7_75t_R                    C3  
    OAI333xp33_ASAP7_75t_R                     Y  
    OAI33xp33_ASAP7_75t_R                    A1  
    OAI33xp33_ASAP7_75t_R                    A2  
    OAI33xp33_ASAP7_75t_R                    A3  
    OAI33xp33_ASAP7_75t_R                    B1  
    OAI33xp33_ASAP7_75t_R                    B2  
    OAI33xp33_ASAP7_75t_R                    B3  
    OAI33xp33_ASAP7_75t_R                     Y  
       OR2x2_ASAP7_75t_R                     A  
       OR2x2_ASAP7_75t_R                     B  
       OR2x2_ASAP7_75t_R                     Y  
       OR2x4_ASAP7_75t_R                     A  
       OR2x4_ASAP7_75t_R                     B  
       OR2x4_ASAP7_75t_R                     Y  
       OR2x6_ASAP7_75t_R                     A  
       OR2x6_ASAP7_75t_R                     B  
       OR2x6_ASAP7_75t_R                     Y  
       OR3x1_ASAP7_75t_R                     A  
       OR3x1_ASAP7_75t_R                     B  
       OR3x1_ASAP7_75t_R                     C  
       OR3x1_ASAP7_75t_R                     Y  
       OR3x2_ASAP7_75t_R                     A  
       OR3x2_ASAP7_75t_R                     B  
       OR3x2_ASAP7_75t_R                     C  
       OR3x2_ASAP7_75t_R                     Y  
       OR3x4_ASAP7_75t_R                     A  
       OR3x4_ASAP7_75t_R                     B  
       OR3x4_ASAP7_75t_R                     C  
       OR3x4_ASAP7_75t_R                     Y  
       OR4x1_ASAP7_75t_R                     A  
       OR4x1_ASAP7_75t_R                     B  
       OR4x1_ASAP7_75t_R                     C  
       OR4x1_ASAP7_75t_R                     D  
       OR4x1_ASAP7_75t_R                     Y  
       OR4x2_ASAP7_75t_R                     A  
       OR4x2_ASAP7_75t_R                     B  
       OR4x2_ASAP7_75t_R                     C  
       OR4x2_ASAP7_75t_R                     D  
       OR4x2_ASAP7_75t_R                     Y  
       OR5x1_ASAP7_75t_R                     A  
       OR5x1_ASAP7_75t_R                     B  
       OR5x1_ASAP7_75t_R                     C  
       OR5x1_ASAP7_75t_R                     D  
       OR5x1_ASAP7_75t_R                     E  
       OR5x1_ASAP7_75t_R                     Y  
       OR5x2_ASAP7_75t_R                     A  
       OR5x2_ASAP7_75t_R                     B  
       OR5x2_ASAP7_75t_R                     C  
       OR5x2_ASAP7_75t_R                     D  
       OR5x2_ASAP7_75t_R                     E  
       OR5x2_ASAP7_75t_R                     Y  
      SDFHx1_ASAP7_75t_R                   CLK  
      SDFHx1_ASAP7_75t_R                     D  
      SDFHx1_ASAP7_75t_R                    QN  
      SDFHx1_ASAP7_75t_R                    SE  
      SDFHx1_ASAP7_75t_R                    SI  
      SDFHx2_ASAP7_75t_R                   CLK  
      SDFHx2_ASAP7_75t_R                     D  
      SDFHx2_ASAP7_75t_R                    QN  
      SDFHx2_ASAP7_75t_R                    SE  
      SDFHx2_ASAP7_75t_R                    SI  
      SDFHx3_ASAP7_75t_R                   CLK  
      SDFHx3_ASAP7_75t_R                     D  
      SDFHx3_ASAP7_75t_R                    QN  
      SDFHx3_ASAP7_75t_R                    SE  
      SDFHx3_ASAP7_75t_R                    SI  
      SDFHx4_ASAP7_75t_R                   CLK  
      SDFHx4_ASAP7_75t_R                     D  
      SDFHx4_ASAP7_75t_R                    QN  
      SDFHx4_ASAP7_75t_R                    SE  
      SDFHx4_ASAP7_75t_R                    SI  
      SDFLx1_ASAP7_75t_R                   CLK  
      SDFLx1_ASAP7_75t_R                     D  
      SDFLx1_ASAP7_75t_R                    QN  
      SDFLx1_ASAP7_75t_R                    SE  
      SDFLx1_ASAP7_75t_R                    SI  
      SDFLx2_ASAP7_75t_R                   CLK  
      SDFLx2_ASAP7_75t_R                     D  
      SDFLx2_ASAP7_75t_R                    QN  
      SDFLx2_ASAP7_75t_R                    SE  
      SDFLx2_ASAP7_75t_R                    SI  
      SDFLx3_ASAP7_75t_R                   CLK  
      SDFLx3_ASAP7_75t_R                     D  
      SDFLx3_ASAP7_75t_R                    QN  
      SDFLx3_ASAP7_75t_R                    SE  
      SDFLx3_ASAP7_75t_R                    SI  
      SDFLx4_ASAP7_75t_R                   CLK  
      SDFLx4_ASAP7_75t_R                     D  
      SDFLx4_ASAP7_75t_R                    QN  
      SDFLx4_ASAP7_75t_R                    SE  
      SDFLx4_ASAP7_75t_R                    SI  
     TIEHIx1_ASAP7_75t_R                     H  
     TIELOx1_ASAP7_75t_R                     L  
     XNOR2x1_ASAP7_75t_R                     A  
     XNOR2x1_ASAP7_75t_R                     B  
     XNOR2x1_ASAP7_75t_R                     Y  
     XNOR2x2_ASAP7_75t_R                     A  
     XNOR2x2_ASAP7_75t_R                     B  
     XNOR2x2_ASAP7_75t_R                     Y  
    XNOR2xp5_ASAP7_75t_R                     A  
    XNOR2xp5_ASAP7_75t_R                     B  
    XNOR2xp5_ASAP7_75t_R                     Y  
      XOR2x1_ASAP7_75t_R                     A  
      XOR2x1_ASAP7_75t_R                     B  
      XOR2x1_ASAP7_75t_R                     Y  
      XOR2x2_ASAP7_75t_R                     A  
      XOR2x2_ASAP7_75t_R                     B  
      XOR2x2_ASAP7_75t_R                     Y  
     XOR2xp5_ASAP7_75t_R                     A  
     XOR2xp5_ASAP7_75t_R                     B  
     XOR2xp5_ASAP7_75t_R                     Y  902  
# Pins Missing Direction: 0  
Antenna Summary Report: 
    General Caution:
        1) All Antenna Constructs are absent for the layer section of LEF.
        2) All Antenna Constructs are absent for the macro section of LEF.For more information click here  
# Cells Missing LEF Info: 0  
# Cells with Dimension Errors: 0  

==============================
Netlist Information
==============================
# HFO (>200) Nets: 0  
# No-driven Nets: 0  
# Multi-driven Nets: 0  
# Assign Statements: 0  
Is Design Uniquified: YES  
# Pins in Netlist without timing lib: 0  

==============================

==============================
: Internal  External  
No of Nets:      16796           0  
No of Connections:      36385           0  
Total Net Length (X): 2.0144e+04  0.0000e+00  
Total Net Length (Y): 1.8345e+04  0.0000e+00  
Total Net Length: 3.8489e+04  0.0000e+00  

==============================
Timing Information
==============================
# Clocks in design: 
    ------------------------------
    Clocks in Design
    ------------------------------
    setup/clk  1  
# Generated clocks: 0  
# "dont_use" cells from .libs: 0  
# "dont_touch" cells from .libs: 0  
# Cells in .lib with max_tran: 
    ------------------------------
    Cell List with max_tran
    ------------------------------
               Cell Name  Max Transition (ps)  
    A2O1A1Ixp33_ASAP7_75t_L  320  
    A2O1A1O1Ixp25_ASAP7_75t_L  320  
      AND2x2_ASAP7_75t_L  4000  
      AND2x4_ASAP7_75t_L  4000  
      AND2x6_ASAP7_75t_L  4000  
      AND3x1_ASAP7_75t_L  4000  
      AND3x2_ASAP7_75t_L  4000  
      AND3x4_ASAP7_75t_L  4000  
      AND4x1_ASAP7_75t_L  4000  
      AND4x2_ASAP7_75t_L  4000  
      AND5x1_ASAP7_75t_L  4000  
      AND5x2_ASAP7_75t_L  4000  
     AO211x2_ASAP7_75t_L  320  
      AO21x1_ASAP7_75t_L  320  
      AO21x2_ASAP7_75t_L  320  
     AO221x1_ASAP7_75t_L  320  
     AO221x2_ASAP7_75t_L  320  
     AO222x2_ASAP7_75t_L  320  
      AO22x1_ASAP7_75t_L  320  
      AO22x2_ASAP7_75t_L  320  
      AO31x2_ASAP7_75t_L  320  
     AO322x2_ASAP7_75t_L  320  
      AO32x1_ASAP7_75t_L  320  
      AO32x2_ASAP7_75t_L  320  
     AO331x1_ASAP7_75t_L  320  
     AO331x2_ASAP7_75t_L  320  
     AO332x1_ASAP7_75t_L  320  
     AO332x2_ASAP7_75t_L  320  
     AO333x1_ASAP7_75t_L  320  
     AO333x2_ASAP7_75t_L  320  
      AO33x2_ASAP7_75t_L  320  
    AOI211x1_ASAP7_75t_L  320  
    AOI211xp5_ASAP7_75t_L  320  
     AOI21x1_ASAP7_75t_L  320  
    AOI21xp33_ASAP7_75t_L  320  
    AOI21xp5_ASAP7_75t_L  320  
    AOI221x1_ASAP7_75t_L  320  
    AOI221xp5_ASAP7_75t_L  320  
    AOI222xp33_ASAP7_75t_L  320  
     AOI22x1_ASAP7_75t_L  320  
    AOI22xp33_ASAP7_75t_L  320  
    AOI22xp5_ASAP7_75t_L  320  
    AOI311xp33_ASAP7_75t_L  320  
    AOI31xp33_ASAP7_75t_L  320  
    AOI31xp67_ASAP7_75t_L  320  
    AOI321xp33_ASAP7_75t_L  320  
    AOI322xp5_ASAP7_75t_L  320  
    AOI32xp33_ASAP7_75t_L  320  
    AOI331xp33_ASAP7_75t_L  320  
    AOI332xp33_ASAP7_75t_L  320  
    AOI333xp33_ASAP7_75t_L  320  
    AOI33xp33_ASAP7_75t_L  320  
      BUFx10_ASAP7_75t_L  320  
      BUFx12_ASAP7_75t_L  320  
     BUFx12f_ASAP7_75t_L  320  
     BUFx16f_ASAP7_75t_L  320  
      BUFx24_ASAP7_75t_L  320  
       BUFx2_ASAP7_75t_L  320  
       BUFx3_ASAP7_75t_L  320  
       BUFx4_ASAP7_75t_L  320  
      BUFx4f_ASAP7_75t_L  320  
       BUFx5_ASAP7_75t_L  320  
      BUFx6f_ASAP7_75t_L  320  
       BUFx8_ASAP7_75t_L  320  
    CKINVDCx10_ASAP7_75t_L  320  
    CKINVDCx11_ASAP7_75t_L  320  
    CKINVDCx12_ASAP7_75t_L  320  
    CKINVDCx14_ASAP7_75t_L  320  
    CKINVDCx16_ASAP7_75t_L  320  
    CKINVDCx20_ASAP7_75t_L  320  
    CKINVDCx5p33_ASAP7_75t_L  320  
    CKINVDCx6p67_ASAP7_75t_L  320  
    CKINVDCx8_ASAP7_75t_L  320  
    CKINVDCx9p33_ASAP7_75t_L  320  
    DFFASRHQNx1_ASAP7_75t_L  320  
    DFFHQNx1_ASAP7_75t_L  320  
    DFFHQNx2_ASAP7_75t_L  320  
    DFFHQNx3_ASAP7_75t_L  320  
     DFFHQx4_ASAP7_75t_L  320  
    DFFLQNx1_ASAP7_75t_L  320  
    DFFLQNx2_ASAP7_75t_L  320  
    DFFLQNx3_ASAP7_75t_L  320  
     DFFLQx4_ASAP7_75t_L  320  
       DHLx1_ASAP7_75t_L  320  
       DHLx2_ASAP7_75t_L  320  
       DHLx3_ASAP7_75t_L  320  
       DLLx1_ASAP7_75t_L  320  
       DLLx2_ASAP7_75t_L  320  
       DLLx3_ASAP7_75t_L  320  
        FAx1_ASAP7_75t_L  4000  
       HAxp5_ASAP7_75t_L  4000  
     HB1xp67_ASAP7_75t_L  320  
     HB2xp67_ASAP7_75t_L  320  
     HB3xp67_ASAP7_75t_L  320  
     HB4xp67_ASAP7_75t_L  320  
       ICGx1_ASAP7_75t_L  320  
       ICGx2_ASAP7_75t_L  320  
    ICGx2p67DC_ASAP7_75t_L  320  
       ICGx3_ASAP7_75t_L  320  
     ICGx4DC_ASAP7_75t_L  320  
       ICGx4_ASAP7_75t_L  320  
       ICGx5_ASAP7_75t_L  320  
    ICGx5p33DC_ASAP7_75t_L  320  
    ICGx6p67DC_ASAP7_75t_L  320  
     ICGx8DC_ASAP7_75t_L  320  
      INVx11_ASAP7_75t_L  320  
      INVx13_ASAP7_75t_L  320  
       INVx1_ASAP7_75t_L  320  
       INVx2_ASAP7_75t_L  320  
       INVx3_ASAP7_75t_L  320  
       INVx4_ASAP7_75t_L  320  
       INVx5_ASAP7_75t_L  320  
       INVx6_ASAP7_75t_L  320  
       INVx8_ASAP7_75t_L  320  
     INVxp33_ASAP7_75t_L  320  
     INVxp67_ASAP7_75t_L  320  
     MAJIxp5_ASAP7_75t_L  4000  
       MAJx2_ASAP7_75t_L  4000  
       MAJx3_ASAP7_75t_L  4000  
     NAND2x1_ASAP7_75t_L  4000  
    NAND2x1p5_ASAP7_75t_L  4000  
     NAND2x2_ASAP7_75t_L  4000  
    NAND2xp33_ASAP7_75t_L  4000  
    NAND2xp5_ASAP7_75t_L  4000  
    NAND2xp67_ASAP7_75t_L  4000  
     NAND3x1_ASAP7_75t_L  4000  
     NAND3x2_ASAP7_75t_L  4000  
    NAND3xp33_ASAP7_75t_L  4000  
    NAND4xp25_ASAP7_75t_L  4000  
    NAND4xp75_ASAP7_75t_L  4000  
    NAND5xp2_ASAP7_75t_L  4000  
      NOR2x1_ASAP7_75t_L  4000  
    NOR2x1p5_ASAP7_75t_L  4000  
      NOR2x2_ASAP7_75t_L  4000  
    NOR2xp33_ASAP7_75t_L  4000  
    NOR2xp67_ASAP7_75t_L  4000  
      NOR3x1_ASAP7_75t_L  4000  
      NOR3x2_ASAP7_75t_L  4000  
    NOR3xp33_ASAP7_75t_L  4000  
    NOR4xp25_ASAP7_75t_L  4000  
    NOR4xp75_ASAP7_75t_L  4000  
     NOR5xp2_ASAP7_75t_L  4000  
    O2A1O1Ixp33_ASAP7_75t_L  320  
    O2A1O1Ixp5_ASAP7_75t_L  320  
     OA211x2_ASAP7_75t_L  320  
      OA21x2_ASAP7_75t_L  320  
     OA221x2_ASAP7_75t_L  320  
     OA222x2_ASAP7_75t_L  320  
      OA22x2_ASAP7_75t_L  320  
      OA31x2_ASAP7_75t_L  320  
     OA331x1_ASAP7_75t_L  320  
     OA331x2_ASAP7_75t_L  320  
     OA332x1_ASAP7_75t_L  320  
     OA332x2_ASAP7_75t_L  320  
     OA333x1_ASAP7_75t_L  320  
     OA333x2_ASAP7_75t_L  320  
      OA33x2_ASAP7_75t_L  320  
    OAI211xp5_ASAP7_75t_L  320  
     OAI21x1_ASAP7_75t_L  320  
    OAI21xp33_ASAP7_75t_L  320  
    OAI21xp5_ASAP7_75t_L  320  
    OAI221xp5_ASAP7_75t_L  320  
    OAI222xp33_ASAP7_75t_L  320  
     OAI22x1_ASAP7_75t_L  320  
    OAI22xp33_ASAP7_75t_L  320  
    OAI22xp5_ASAP7_75t_L  320  
    OAI311xp33_ASAP7_75t_L  320  
    OAI31xp33_ASAP7_75t_L  320  
    OAI31xp67_ASAP7_75t_L  320  
    OAI321xp33_ASAP7_75t_L  320  
    OAI322xp33_ASAP7_75t_L  320  
    OAI32xp33_ASAP7_75t_L  320  
    OAI331xp33_ASAP7_75t_L  320  
    OAI332xp33_ASAP7_75t_L  320  
    OAI333xp33_ASAP7_75t_L  320  
    OAI33xp33_ASAP7_75t_L  320  
       OR2x2_ASAP7_75t_L  4000  
       OR2x4_ASAP7_75t_L  4000  
       OR2x6_ASAP7_75t_L  4000  
       OR3x1_ASAP7_75t_L  4000  
       OR3x2_ASAP7_75t_L  4000  
       OR3x4_ASAP7_75t_L  4000  
       OR4x1_ASAP7_75t_L  4000  
       OR4x2_ASAP7_75t_L  4000  
       OR5x1_ASAP7_75t_L  4000  
       OR5x2_ASAP7_75t_L  4000  
      SDFHx1_ASAP7_75t_L  320  
      SDFHx2_ASAP7_75t_L  320  
      SDFHx3_ASAP7_75t_L  320  
      SDFHx4_ASAP7_75t_L  320  
      SDFLx1_ASAP7_75t_L  320  
      SDFLx2_ASAP7_75t_L  320  
      SDFLx3_ASAP7_75t_L  320  
      SDFLx4_ASAP7_75t_L  320  
     TIEHIx1_ASAP7_75t_L  4000  
     TIELOx1_ASAP7_75t_L  4000  
     XNOR2x1_ASAP7_75t_L  4000  
     XNOR2x2_ASAP7_75t_L  4000  
    XNOR2xp5_ASAP7_75t_L  4000  
      XOR2x1_ASAP7_75t_L  4000  
      XOR2x2_ASAP7_75t_L  4000  
     XOR2xp5_ASAP7_75t_L  4000  202  
# Cells in .lib with max_cap: 
    ------------------------------
    Cell List with max_cap
    ------------------------------
               Cell Name  Max Capacitance (pf)  
    A2O1A1Ixp33_ASAP7_75t_L  0.023040  
    A2O1A1O1Ixp25_ASAP7_75t_L  0.023040  
      AND2x2_ASAP7_75t_L  0.092160  
      AND2x4_ASAP7_75t_L  0.184320  
      AND2x6_ASAP7_75t_L  0.368640  
      AND3x1_ASAP7_75t_L  0.046080  
      AND3x2_ASAP7_75t_L  0.092160  
      AND3x4_ASAP7_75t_L  0.184320  
      AND4x1_ASAP7_75t_L  0.046080  
      AND4x2_ASAP7_75t_L  0.092160  
      AND5x1_ASAP7_75t_L  0.368640  
      AND5x2_ASAP7_75t_L  0.368640  
     AO211x2_ASAP7_75t_L  0.092160  
      AO21x1_ASAP7_75t_L  0.046080  
      AO21x2_ASAP7_75t_L  0.092160  
     AO221x1_ASAP7_75t_L  0.046080  
     AO221x2_ASAP7_75t_L  0.092160  
     AO222x2_ASAP7_75t_L  0.092160  
      AO22x1_ASAP7_75t_L  0.046080  
      AO22x2_ASAP7_75t_L  0.092160  
      AO31x2_ASAP7_75t_L  0.092160  
     AO322x2_ASAP7_75t_L  0.092160  
      AO32x1_ASAP7_75t_L  0.046080  
      AO32x2_ASAP7_75t_L  0.092160  
     AO331x1_ASAP7_75t_L  0.046080  
     AO331x2_ASAP7_75t_L  0.092160  
     AO332x1_ASAP7_75t_L  0.046080  
     AO332x2_ASAP7_75t_L  0.092160  
     AO333x1_ASAP7_75t_L  0.046080  
     AO333x2_ASAP7_75t_L  0.092160  
      AO33x2_ASAP7_75t_L  0.092160  
    AOI211x1_ASAP7_75t_L  0.046080  
    AOI211xp5_ASAP7_75t_L  0.023040  
     AOI21x1_ASAP7_75t_L  0.023040  
    AOI21xp33_ASAP7_75t_L  0.023040  
    AOI21xp5_ASAP7_75t_L  0.023040  
    AOI221x1_ASAP7_75t_L  0.046080  
    AOI221xp5_ASAP7_75t_L  0.023040  
    AOI222xp33_ASAP7_75t_L  0.023040  
     AOI22x1_ASAP7_75t_L  0.046080  
    AOI22xp33_ASAP7_75t_L  0.023040  
    AOI22xp5_ASAP7_75t_L  0.023040  
    AOI311xp33_ASAP7_75t_L  0.023040  
    AOI31xp33_ASAP7_75t_L  0.023040  
    AOI31xp67_ASAP7_75t_L  0.023040  
    AOI321xp33_ASAP7_75t_L  0.023040  
    AOI322xp5_ASAP7_75t_L  0.023040  
    AOI32xp33_ASAP7_75t_L  0.023040  
    AOI331xp33_ASAP7_75t_L  0.023040  
    AOI332xp33_ASAP7_75t_L  0.023040  
    AOI333xp33_ASAP7_75t_L  0.023040  
    AOI33xp33_ASAP7_75t_L  0.023040  
      BUFx10_ASAP7_75t_L  0.368640  
      BUFx12_ASAP7_75t_L  0.368640  
     BUFx12f_ASAP7_75t_L  0.368640  
     BUFx16f_ASAP7_75t_L  0.737280  
      BUFx24_ASAP7_75t_L  1.474560  
       BUFx2_ASAP7_75t_L  0.092160  
       BUFx3_ASAP7_75t_L  0.092160  
       BUFx4_ASAP7_75t_L  0.184320  
      BUFx4f_ASAP7_75t_L  0.184320  
       BUFx5_ASAP7_75t_L  0.184320  
      BUFx6f_ASAP7_75t_L  0.184320  
       BUFx8_ASAP7_75t_L  0.368640  
    CKINVDCx10_ASAP7_75t_L  0.737280  
    CKINVDCx11_ASAP7_75t_L  0.737280  
    CKINVDCx12_ASAP7_75t_L  0.737280  
    CKINVDCx14_ASAP7_75t_L  0.737280  
    CKINVDCx16_ASAP7_75t_L  0.737280  
    CKINVDCx20_ASAP7_75t_L  0.737280  
    CKINVDCx5p33_ASAP7_75t_L  0.184320  
    CKINVDCx6p67_ASAP7_75t_L  0.368640  
    CKINVDCx8_ASAP7_75t_L  0.368640  
    CKINVDCx9p33_ASAP7_75t_L  0.368640  
    DFFASRHQNx1_ASAP7_75t_L  0.046080  
    DFFHQNx1_ASAP7_75t_L  0.046080  
    DFFHQNx2_ASAP7_75t_L  0.092160  
    DFFHQNx3_ASAP7_75t_L  0.092160  
     DFFHQx4_ASAP7_75t_L  0.092160  
    DFFLQNx1_ASAP7_75t_L  0.046080  
    DFFLQNx2_ASAP7_75t_L  0.092160  
    DFFLQNx3_ASAP7_75t_L  0.092160  
     DFFLQx4_ASAP7_75t_L  0.184320  
       DHLx1_ASAP7_75t_L  0.046080  
       DHLx2_ASAP7_75t_L  0.092160  
       DHLx3_ASAP7_75t_L  0.092160  
       DLLx1_ASAP7_75t_L  0.046080  
       DLLx2_ASAP7_75t_L  0.092160  
       DLLx3_ASAP7_75t_L  0.092160  
        FAx1_ASAP7_75t_L  0.046080  
       HAxp5_ASAP7_75t_L  0.023040  
     HB1xp67_ASAP7_75t_L  0.023040  
     HB2xp67_ASAP7_75t_L  0.023040  
     HB3xp67_ASAP7_75t_L  0.023040  
     HB4xp67_ASAP7_75t_L  0.023040  
       ICGx1_ASAP7_75t_L  0.046080  
       ICGx2_ASAP7_75t_L  0.092160  
    ICGx2p67DC_ASAP7_75t_L  0.092160  
       ICGx3_ASAP7_75t_L  0.092160  
     ICGx4DC_ASAP7_75t_L  0.092160  
       ICGx4_ASAP7_75t_L  0.092160  
       ICGx5_ASAP7_75t_L  0.092160  
    ICGx5p33DC_ASAP7_75t_L  0.092160  
    ICGx6p67DC_ASAP7_75t_L  0.092160  
     ICGx8DC_ASAP7_75t_L  0.092160  
      INVx11_ASAP7_75t_L  0.368640  
      INVx13_ASAP7_75t_L  0.737280  
       INVx1_ASAP7_75t_L  0.046080  
       INVx2_ASAP7_75t_L  0.092160  
       INVx3_ASAP7_75t_L  0.092160  
       INVx4_ASAP7_75t_L  0.184320  
       INVx5_ASAP7_75t_L  0.184320  
       INVx6_ASAP7_75t_L  0.368640  
       INVx8_ASAP7_75t_L  0.368640  
     INVxp33_ASAP7_75t_L  0.023040  
     INVxp67_ASAP7_75t_L  0.023040  
     MAJIxp5_ASAP7_75t_L  0.023040  
       MAJx2_ASAP7_75t_L  0.092160  
       MAJx3_ASAP7_75t_L  0.092160  
     NAND2x1_ASAP7_75t_L  0.046080  
    NAND2x1p5_ASAP7_75t_L  0.023040  
     NAND2x2_ASAP7_75t_L  0.092160  
    NAND2xp33_ASAP7_75t_L  0.023040  
    NAND2xp5_ASAP7_75t_L  0.023040  
    NAND2xp67_ASAP7_75t_L  0.046080  
     NAND3x1_ASAP7_75t_L  0.046080  
     NAND3x2_ASAP7_75t_L  0.092160  
    NAND3xp33_ASAP7_75t_L  0.023040  
    NAND4xp25_ASAP7_75t_L  0.023040  
    NAND4xp75_ASAP7_75t_L  0.046080  
    NAND5xp2_ASAP7_75t_L  0.092160  
      NOR2x1_ASAP7_75t_L  0.046080  
    NOR2x1p5_ASAP7_75t_L  0.092160  
      NOR2x2_ASAP7_75t_L  0.092160  
    NOR2xp33_ASAP7_75t_L  0.023040  
    NOR2xp67_ASAP7_75t_L  0.046080  
      NOR3x1_ASAP7_75t_L  0.046080  
      NOR3x2_ASAP7_75t_L  0.092160  
    NOR3xp33_ASAP7_75t_L  0.023040  
    NOR4xp25_ASAP7_75t_L  0.023040  
    NOR4xp75_ASAP7_75t_L  0.046080  
     NOR5xp2_ASAP7_75t_L  0.023040  
    O2A1O1Ixp33_ASAP7_75t_L  0.023040  
    O2A1O1Ixp5_ASAP7_75t_L  0.023040  
     OA211x2_ASAP7_75t_L  0.092160  
      OA21x2_ASAP7_75t_L  0.092160  
     OA221x2_ASAP7_75t_L  0.092160  
     OA222x2_ASAP7_75t_L  0.092160  
      OA22x2_ASAP7_75t_L  0.092160  
      OA31x2_ASAP7_75t_L  0.092160  
     OA331x1_ASAP7_75t_L  0.046080  
     OA331x2_ASAP7_75t_L  0.092160  
     OA332x1_ASAP7_75t_L  0.046080  
     OA332x2_ASAP7_75t_L  0.092160  
     OA333x1_ASAP7_75t_L  0.046080  
     OA333x2_ASAP7_75t_L  0.092160  
      OA33x2_ASAP7_75t_L  0.092160  
    OAI211xp5_ASAP7_75t_L  0.023040  
     OAI21x1_ASAP7_75t_L  0.046080  
    OAI21xp33_ASAP7_75t_L  0.023040  
    OAI21xp5_ASAP7_75t_L  0.023040  
    OAI221xp5_ASAP7_75t_L  0.023040  
    OAI222xp33_ASAP7_75t_L  0.023040  
     OAI22x1_ASAP7_75t_L  0.046080  
    OAI22xp33_ASAP7_75t_L  0.023040  
    OAI22xp5_ASAP7_75t_L  0.023040  
    OAI311xp33_ASAP7_75t_L  0.023040  
    OAI31xp33_ASAP7_75t_L  0.023040  
    OAI31xp67_ASAP7_75t_L  0.023040  
    OAI321xp33_ASAP7_75t_L  0.023040  
    OAI322xp33_ASAP7_75t_L  0.023040  
    OAI32xp33_ASAP7_75t_L  0.023040  
    OAI331xp33_ASAP7_75t_L  0.023040  
    OAI332xp33_ASAP7_75t_L  0.023040  
    OAI333xp33_ASAP7_75t_L  0.023040  
    OAI33xp33_ASAP7_75t_L  0.023040  
       OR2x2_ASAP7_75t_L  0.092160  
       OR2x4_ASAP7_75t_L  0.184320  
       OR2x6_ASAP7_75t_L  0.184320  
       OR3x1_ASAP7_75t_L  0.046080  
       OR3x2_ASAP7_75t_L  0.092160  
       OR3x4_ASAP7_75t_L  0.184320  
       OR4x1_ASAP7_75t_L  0.046080  
       OR4x2_ASAP7_75t_L  0.092160  
       OR5x1_ASAP7_75t_L  0.046080  
       OR5x2_ASAP7_75t_L  0.092160  
      SDFHx1_ASAP7_75t_L  0.046080  
      SDFHx2_ASAP7_75t_L  0.092160  
      SDFHx3_ASAP7_75t_L  0.092160  
      SDFHx4_ASAP7_75t_L  0.184320  
      SDFLx1_ASAP7_75t_L  0.046080  
      SDFLx2_ASAP7_75t_L  0.092160  
      SDFLx3_ASAP7_75t_L  0.092160  
      SDFLx4_ASAP7_75t_L  0.184320  
     XNOR2x1_ASAP7_75t_L  0.046080  
     XNOR2x2_ASAP7_75t_L  0.092160  
    XNOR2xp5_ASAP7_75t_L  0.023040  
      XOR2x1_ASAP7_75t_L  0.046080  
      XOR2x2_ASAP7_75t_L  0.092160  
     XOR2xp5_ASAP7_75t_L  0.023040  200  
# Cells in .lib with max_fanout: 0  
SDC max_cap: N/A  
SDC max_tran: 200.000000 ps  
SDC max_fanout: 8  
Default Ext. Scale Factor: 1.000  
Detail Ext. Scale Factor: 1.000  

==============================
Floorplan/Placement Information
==============================
Total area of Standard cells: 1633.397 um^2  
Total area of Standard cells(Subtracting Physical Cells): 1622.900 um^2  
Total area of Macros: 0.000 um^2  
Total area of Blockages: 0.000 um^2  
Total area of Pad cells: 0.000 um^2  
Total area of Core: 2624.400 um^2  
Total area of Chip: 2624.400 um^2  
Effective Utilization: 6.2087e-01  
Number of Cell Rows: 180  
% Pure Gate Density #1 (Subtracting BLOCKAGES): 62.239%  
% Pure Gate Density #2 (Subtracting BLOCKAGES and Physical Cells): 61.839%  
% Pure Gate Density #3 (Subtracting MACROS): 62.239%  
% Pure Gate Density #4 (Subtracting MACROS and Physical Cells): 61.839%  
% Pure Gate Density #5 (Subtracting MACROS and BLOCKAGES): 62.239%  
% Pure Gate Density #6 ((Unpreplaced Standard Inst + Unpreplaced Block Inst + Unpreplaced Black Blob Inst + Fixed Clock Inst Area) / (Free Site Area + Fixed Clock Inst Area) for insts are placed): 62.087%  
% Core Density (Counting Std Cells and MACROs): 62.239%  
% Core Density #2(Subtracting Physical Cells): 61.839%  
% Chip Density (Counting Std Cells and MACROs and IOs): 62.239%  
% Chip Density #2(Subtracting Physical Cells): 61.839%  
# Macros within 5 sites of IO pad: No  
Macro halo defined?: No  

==============================
Wire Length Distribution
==============================
Total M1 wire length: 0.0000 um  
Total M2 wire length: 12698.0230 um  
Total M3 wire length: 15134.1150 um  
Total M4 wire length: 8675.5200 um  
Total M5 wire length: 3721.5480 um  
Total M6 wire length: 1415.4240 um  
Total M7 wire length: 0.0000 um  
Total M8 wire length: 0.0000 um  
Total M9 wire length: 0.0000 um  
Total Pad wire length: 0.0000 um  
Total wire length: 41644.6300 um  
Average wire length/net: 2.4791 um  
Area of Power Net Distribution: 
    ------------------------------
    Area of Power Net Distribution
    ------------------------------
    Layer Name  Area of Power Net  Routable Area  Percentage  
    M1  88.4520  2624.4000  3.3704%  
    M2  88.4520  2624.4000  3.3704%  
    M3  30.6180  2624.4000  1.1667%  
    M4  19.4400  2624.4000  0.7407%  
    M5  41.9904  2624.4000  1.6000%  
    M6  46.6560  2624.4000  1.7778%  
    M7  0.0000  2624.4000  0.0000%  
    M8  0.0000  2624.4000  0.0000%  
    M9  0.0000  2624.4000  0.0000%  
    Pad  0.0000  2624.4000  0.0000%  For more information click here  
